Archive member included to satisfy reference by file (symbol)

c:/st/stm32cubeide_1.10.1/stm32cubeide/plugins/com.st.stm32cube.ide.mcu.externaltools.gnu-tools-for-stm32.10.3-2021.10.win32_1.0.0.202111181127/tools/bin/../lib/gcc/arm-none-eabi/10.3.1/../../../../arm-none-eabi/lib/thumb/v7e-m+fp/hard\libc_nano.a(lib_a-errno.o)
                              ./Core/Src/syscalls.o (__errno)
c:/st/stm32cubeide_1.10.1/stm32cubeide/plugins/com.st.stm32cube.ide.mcu.externaltools.gnu-tools-for-stm32.10.3-2021.10.win32_1.0.0.202111181127/tools/bin/../lib/gcc/arm-none-eabi/10.3.1/../../../../arm-none-eabi/lib/thumb/v7e-m+fp/hard\libc_nano.a(lib_a-exit.o)
                              c:/st/stm32cubeide_1.10.1/stm32cubeide/plugins/com.st.stm32cube.ide.mcu.externaltools.gnu-tools-for-stm32.10.3-2021.10.win32_1.0.0.202111181127/tools/bin/../lib/gcc/arm-none-eabi/10.3.1/../../../../arm-none-eabi/lib/thumb/v7e-m+fp/hard/crt0.o (exit)
c:/st/stm32cubeide_1.10.1/stm32cubeide/plugins/com.st.stm32cube.ide.mcu.externaltools.gnu-tools-for-stm32.10.3-2021.10.win32_1.0.0.202111181127/tools/bin/../lib/gcc/arm-none-eabi/10.3.1/../../../../arm-none-eabi/lib/thumb/v7e-m+fp/hard\libc_nano.a(lib_a-impure.o)
                              c:/st/stm32cubeide_1.10.1/stm32cubeide/plugins/com.st.stm32cube.ide.mcu.externaltools.gnu-tools-for-stm32.10.3-2021.10.win32_1.0.0.202111181127/tools/bin/../lib/gcc/arm-none-eabi/10.3.1/../../../../arm-none-eabi/lib/thumb/v7e-m+fp/hard\libc_nano.a(lib_a-exit.o) (_global_impure_ptr)
c:/st/stm32cubeide_1.10.1/stm32cubeide/plugins/com.st.stm32cube.ide.mcu.externaltools.gnu-tools-for-stm32.10.3-2021.10.win32_1.0.0.202111181127/tools/bin/../lib/gcc/arm-none-eabi/10.3.1/../../../../arm-none-eabi/lib/thumb/v7e-m+fp/hard\libc_nano.a(lib_a-init.o)
                              c:/st/stm32cubeide_1.10.1/stm32cubeide/plugins/com.st.stm32cube.ide.mcu.externaltools.gnu-tools-for-stm32.10.3-2021.10.win32_1.0.0.202111181127/tools/bin/../lib/gcc/arm-none-eabi/10.3.1/../../../../arm-none-eabi/lib/thumb/v7e-m+fp/hard/crt0.o (__libc_init_array)
c:/st/stm32cubeide_1.10.1/stm32cubeide/plugins/com.st.stm32cube.ide.mcu.externaltools.gnu-tools-for-stm32.10.3-2021.10.win32_1.0.0.202111181127/tools/bin/../lib/gcc/arm-none-eabi/10.3.1/../../../../arm-none-eabi/lib/thumb/v7e-m+fp/hard\libc_nano.a(lib_a-memset.o)
                              c:/st/stm32cubeide_1.10.1/stm32cubeide/plugins/com.st.stm32cube.ide.mcu.externaltools.gnu-tools-for-stm32.10.3-2021.10.win32_1.0.0.202111181127/tools/bin/../lib/gcc/arm-none-eabi/10.3.1/../../../../arm-none-eabi/lib/thumb/v7e-m+fp/hard/crt0.o (memset)
c:/st/stm32cubeide_1.10.1/stm32cubeide/plugins/com.st.stm32cube.ide.mcu.externaltools.gnu-tools-for-stm32.10.3-2021.10.win32_1.0.0.202111181127/tools/bin/../lib/gcc/arm-none-eabi/10.3.1/../../../../arm-none-eabi/lib/thumb/v7e-m+fp/hard\libc_nano.a(lib_a-sprintf.o)
                              ./Core/Src/uart.o (sprintf)
c:/st/stm32cubeide_1.10.1/stm32cubeide/plugins/com.st.stm32cube.ide.mcu.externaltools.gnu-tools-for-stm32.10.3-2021.10.win32_1.0.0.202111181127/tools/bin/../lib/gcc/arm-none-eabi/10.3.1/../../../../arm-none-eabi/lib/thumb/v7e-m+fp/hard\libc_nano.a(lib_a-strlen.o)
                              ./Core/Src/lcd.o (strlen)
c:/st/stm32cubeide_1.10.1/stm32cubeide/plugins/com.st.stm32cube.ide.mcu.externaltools.gnu-tools-for-stm32.10.3-2021.10.win32_1.0.0.202111181127/tools/bin/../lib/gcc/arm-none-eabi/10.3.1/../../../../arm-none-eabi/lib/thumb/v7e-m+fp/hard\libc_nano.a(lib_a-nano-svfprintf.o)
                              c:/st/stm32cubeide_1.10.1/stm32cubeide/plugins/com.st.stm32cube.ide.mcu.externaltools.gnu-tools-for-stm32.10.3-2021.10.win32_1.0.0.202111181127/tools/bin/../lib/gcc/arm-none-eabi/10.3.1/../../../../arm-none-eabi/lib/thumb/v7e-m+fp/hard\libc_nano.a(lib_a-sprintf.o) (_svfprintf_r)
c:/st/stm32cubeide_1.10.1/stm32cubeide/plugins/com.st.stm32cube.ide.mcu.externaltools.gnu-tools-for-stm32.10.3-2021.10.win32_1.0.0.202111181127/tools/bin/../lib/gcc/arm-none-eabi/10.3.1/../../../../arm-none-eabi/lib/thumb/v7e-m+fp/hard\libc_nano.a(lib_a-nano-vfprintf_i.o)
                              c:/st/stm32cubeide_1.10.1/stm32cubeide/plugins/com.st.stm32cube.ide.mcu.externaltools.gnu-tools-for-stm32.10.3-2021.10.win32_1.0.0.202111181127/tools/bin/../lib/gcc/arm-none-eabi/10.3.1/../../../../arm-none-eabi/lib/thumb/v7e-m+fp/hard\libc_nano.a(lib_a-nano-svfprintf.o) (_printf_i)
c:/st/stm32cubeide_1.10.1/stm32cubeide/plugins/com.st.stm32cube.ide.mcu.externaltools.gnu-tools-for-stm32.10.3-2021.10.win32_1.0.0.202111181127/tools/bin/../lib/gcc/arm-none-eabi/10.3.1/../../../../arm-none-eabi/lib/thumb/v7e-m+fp/hard\libc_nano.a(lib_a-memchr.o)
                              c:/st/stm32cubeide_1.10.1/stm32cubeide/plugins/com.st.stm32cube.ide.mcu.externaltools.gnu-tools-for-stm32.10.3-2021.10.win32_1.0.0.202111181127/tools/bin/../lib/gcc/arm-none-eabi/10.3.1/../../../../arm-none-eabi/lib/thumb/v7e-m+fp/hard\libc_nano.a(lib_a-nano-svfprintf.o) (memchr)
[...]
Memory Configuration

Name             Origin             Length             Attributes
CCMRAM           0x0000000010000000 0x0000000000010000 xrw
RAM              0x0000000020000000 0x0000000000020000 xrw
FLASH            0x0000000008000000 0x0000000000100000 xr
*default*        0x0000000000000000 0xffffffffffffffff

Linker script and memory map

LOAD c:/st/stm32cubeide_1.10.1/stm32cubeide/plugins/com.st.stm32cube.ide.mcu.externaltools.gnu-tools-for-stm32.10.3-2021.10.win32_1.0.0.202111181127/tools/bin/../lib/gcc/arm-none-eabi/10.3.1/thumb/v7e-m+fp/hard/crti.o
LOAD c:/st/stm32cubeide_1.10.1/stm32cubeide/plugins/com.st.stm32cube.ide.mcu.externaltools.gnu-tools-for-stm32.10.3-2021.10.win32_1.0.0.202111181127/tools/bin/../lib/gcc/arm-none-eabi/10.3.1/thumb/v7e-m+fp/hard/crtbegin.o
LOAD c:/st/stm32cubeide_1.10.1/stm32cubeide/plugins/com.st.stm32cube.ide.mcu.externaltools.gnu-tools-for-stm32.10.3-2021.10.win32_1.0.0.202111181127/tools/bin/../lib/gcc/arm-none-eabi/10.3.1/../../../../arm-none-eabi/lib/thumb/v7e-m+fp/hard/crt0.o
LOAD ./Core/Src/adc.o
LOAD ./Core/Src/button.o
LOAD ./Core/Src/buzzer.o
LOAD ./Core/Src/dma.o
LOAD ./Core/Src/ds3231.o
LOAD ./Core/Src/fsmc.o
LOAD ./Core/Src/global.o
LOAD ./Core/Src/gpio.o
LOAD ./Core/Src/i2c.o
LOAD ./Core/Src/lcd.o
LOAD ./Core/Src/led_7seg.o
LOAD ./Core/Src/main.o
LOAD ./Core/Src/picture.o
LOAD ./Core/Src/sensor.o
LOAD ./Core/Src/software_timer.o
LOAD ./Core/Src/spi.o
LOAD ./Core/Src/stm32f4xx_hal_msp.o
LOAD ./Core/Src/stm32f4xx_it.o
LOAD ./Core/Src/syscalls.o
LOAD ./Core/Src/sysmem.o
LOAD ./Core/Src/system_stm32f4xx.o
LOAD ./Core/Src/tim.o
LOAD ./Core/Src/uart.o
LOAD ./Core/Src/usart.o
LOAD ./Core/Src/utils.o
LOAD ./Core/Startup/startup_stm32f407zetx.o
LOAD ./Drivers/STM32F4xx_HAL_Driver/Src/stm32f4xx_hal.o
LOAD ./Drivers/STM32F4xx_HAL_Driver/Src/stm32f4xx_hal_adc.o
LOAD ./Drivers/STM32F4xx_HAL_Driver/Src/stm32f4xx_hal_adc_ex.o
LOAD ./Drivers/STM32F4xx_HAL_Driver/Src/stm32f4xx_hal_cortex.o
LOAD ./Drivers/STM32F4xx_HAL_Driver/Src/stm32f4xx_hal_dma.o
LOAD ./Drivers/STM32F4xx_HAL_Driver/Src/stm32f4xx_hal_dma_ex.o
LOAD ./Drivers/STM32F4xx_HAL_Driver/Src/stm32f4xx_hal_exti.o
LOAD ./Drivers/STM32F4xx_HAL_Driver/Src/stm32f4xx_hal_flash.o
LOAD ./Drivers/STM32F4xx_HAL_Driver/Src/stm32f4xx_hal_flash_ex.o
LOAD ./Drivers/STM32F4xx_HAL_Driver/Src/stm32f4xx_hal_flash_ramfunc.o
LOAD ./Drivers/STM32F4xx_HAL_Driver/Src/stm32f4xx_hal_gpio.o
LOAD ./Drivers/STM32F4xx_HAL_Driver/Src/stm32f4xx_hal_i2c.o
LOAD ./Drivers/STM32F4xx_HAL_Driver/Src/stm32f4xx_hal_i2c_ex.o
LOAD ./Drivers/STM32F4xx_HAL_Driver/Src/stm32f4xx_hal_pwr.o
LOAD ./Drivers/STM32F4xx_HAL_Driver/Src/stm32f4xx_hal_pwr_ex.o
LOAD ./Drivers/STM32F4xx_HAL_Driver/Src/stm32f4xx_hal_rcc.o
LOAD ./Drivers/STM32F4xx_HAL_Driver/Src/stm32f4xx_hal_rcc_ex.o
LOAD ./Drivers/STM32F4xx_HAL_Driver/Src/stm32f4xx_hal_spi.o
LOAD ./Drivers/STM32F4xx_HAL_Driver/Src/stm32f4xx_hal_sram.o
LOAD ./Drivers/STM32F4xx_HAL_Driver/Src/stm32f4xx_hal_tim.o
LOAD ./Drivers/STM32F4xx_HAL_Driver/Src/stm32f4xx_hal_tim_ex.o
LOAD ./Drivers/STM32F4xx_HAL_Driver/Src/stm32f4xx_hal_uart.o
LOAD ./Drivers/STM32F4xx_HAL_Driver/Src/stm32f4xx_ll_adc.o
LOAD ./Drivers/STM32F4xx_HAL_Driver/Src/stm32f4xx_ll_fsmc.o
START GROUP
LOAD c:/st/stm32cubeide_1.10.1/stm32cubeide/plugins/com.st.stm32cube.ide.mcu.externaltools.gnu-tools-for-stm32.10.3-2021.10.win32_1.0.0.202111181127/tools/bin/../lib/gcc/arm-none-eabi/10.3.1/../../../../arm-none-eabi/lib/thumb/v7e-m+fp/hard\libc_nano.a
LOAD c:/st/stm32cubeide_1.10.1/stm32cubeide/plugins/com.st.stm32cube.ide.mcu.externaltools.gnu-tools-for-stm32.10.3-2021.10.win32_1.0.0.202111181127/tools/bin/../lib/gcc/arm-none-eabi/10.3.1/../../../../arm-none-eabi/lib/thumb/v7e-m+fp/hard\libm.a
END GROUP
START GROUP
LOAD c:/st/stm32cubeide_1.10.1/stm32cubeide/plugins/com.st.stm32cube.ide.mcu.externaltools.gnu-tools-for-stm32.10.3-2021.10.win32_1.0.0.202111181127/tools/bin/../lib/gcc/arm-none-eabi/10.3.1/thumb/v7e-m+fp/hard\libgcc.a
LOAD c:/st/stm32cubeide_1.10.1/stm32cubeide/plugins/com.st.stm32cube.ide.mcu.externaltools.gnu-tools-for-stm32.10.3-2021.10.win32_1.0.0.202111181127/tools/bin/../lib/gcc/arm-none-eabi/10.3.1/../../../../arm-none-eabi/lib/thumb/v7e-m+fp/hard\libc_nano.a
END GROUP
START GROUP
LOAD c:/st/stm32cubeide_1.10.1/stm32cubeide/plugins/com.st.stm32cube.ide.mcu.externaltools.gnu-tools-for-stm32.10.3-2021.10.win32_1.0.0.202111181127/tools/bin/../lib/gcc/arm-none-eabi/10.3.1/thumb/v7e-m+fp/hard\libgcc.a
LOAD c:/st/stm32cubeide_1.10.1/stm32cubeide/plugins/com.st.stm32cube.ide.mcu.externaltools.gnu-tools-for-stm32.10.3-2021.10.win32_1.0.0.202111181127/tools/bin/../lib/gcc/arm-none-eabi/10.3.1/../../../../arm-none-eabi/lib/thumb/v7e-m+fp/hard\libc_nano.a
LOAD c:/st/stm32cubeide_1.10.1/stm32cubeide/plugins/com.st.stm32cube.ide.mcu.externaltools.gnu-tools-for-stm32.10.3-2021.10.win32_1.0.0.202111181127/tools/bin/../lib/gcc/arm-none-eabi/10.3.1/../../../../arm-none-eabi/lib/thumb/v7e-m+fp/hard\libnosys.a
END GROUP
START GROUP
LOAD c:/st/stm32cubeide_1.10.1/stm32cubeide/plugins/com.st.stm32cube.ide.mcu.externaltools.gnu-tools-for-stm32.10.3-2021.10.win32_1.0.0.202111181127/tools/bin/../lib/gcc/arm-none-eabi/10.3.1/thumb/v7e-m+fp/hard\libgcc.a
LOAD c:/st/stm32cubeide_1.10.1/stm32cubeide/plugins/com.st.stm32cube.ide.mcu.externaltools.gnu-tools-for-stm32.10.3-2021.10.win32_1.0.0.202111181127/tools/bin/../lib/gcc/arm-none-eabi/10.3.1/../../../../arm-none-eabi/lib/thumb/v7e-m+fp/hard\libc_nano.a
LOAD c:/st/stm32cubeide_1.10.1/stm32cubeide/plugins/com.st.stm32cube.ide.mcu.externaltools.gnu-tools-for-stm32.10.3-2021.10.win32_1.0.0.202111181127/tools/bin/../lib/gcc/arm-none-eabi/10.3.1/../../../../arm-none-eabi/lib/thumb/v7e-m+fp/hard\libnosys.a
END GROUP
LOAD c:/st/stm32cubeide_1.10.1/stm32cubeide/plugins/com.st.stm32cube.ide.mcu.externaltools.gnu-tools-for-stm32.10.3-2021.10.win32_1.0.0.202111181127/tools/bin/../lib/gcc/arm-none-eabi/10.3.1/thumb/v7e-m+fp/hard/crtend.o
LOAD c:/st/stm32cubeide_1.10.1/stm32cubeide/plugins/com.st.stm32cube.ide.mcu.externaltools.gnu-tools-for-stm32.10.3-2021.10.win32_1.0.0.202111181127/tools/bin/../lib/gcc/arm-none-eabi/10.3.1/thumb/v7e-m+fp/hard/crtn.o
                0x0000000020020000                _estack = (ORIGIN (RAM) + LENGTH (RAM))
                0x0000000000000200                _Min_Heap_Size = 0x200
                0x0000000000000400                _Min_Stack_Size = 0x400

.isr_vector     0x0000000008000000      0x188
                0x0000000008000000                . = ALIGN (0x4)
 *(.isr_vector)
 .isr_vector    0x0000000008000000      0x188 ./Core/Startup/startup_stm32f407zetx.o
                0x0000000008000000                g_pfnVectors
                0x0000000008000188                . = ALIGN (0x4)

.text           0x0000000008000190     0x9954
                0x0000000008000190                . = ALIGN (0x4)
 *(.text)
 .text          0x0000000008000190       0x40 c:/st/stm32cubeide_1.10.1/stm32cubeide/plugins/com.st.stm32cube.ide.mcu.externaltools.gnu-tools-for-stm32.10.3-2021.10.win32_1.0.0.202111181127/tools/bin/../lib/gcc/arm-none-eabi/10.3.1/thumb/v7e-m+fp/hard/crtbegin.o
 .text          0x00000000080001d0       0xa0 c:/st/stm32cubeide_1.10.1/stm32cubeide/plugins/com.st.stm32cube.ide.mcu.externaltools.gnu-tools-for-stm32.10.3-2021.10.win32_1.0.0.202111181127/tools/bin/../lib/gcc/arm-none-eabi/10.3.1/../../../../arm-none-eabi/lib/thumb/v7e-m+fp/hard\libc_nano.a(lib_a-memchr.o)
                0x00000000080001d0                memchr
 .text          0x0000000008000270      0x378 c:/st/stm32cubeide_1.10.1/stm32cubeide/plugins/com.st.stm32cube.ide.mcu.externaltools.gnu-tools-for-stm32.10.3-2021.10.win32_1.0.0.202111181127/tools/bin/../lib/gcc/arm-none-eabi/10.3.1/thumb/v7e-m+fp/hard\libgcc.a(_arm_addsubdf3.o)
                0x0000000008000270                __aeabi_drsub
                0x0000000008000278                __aeabi_dsub
                0x0000000008000278                __subdf3
                0x000000000800027c                __aeabi_dadd
                0x000000000800027c                __adddf3
                0x00000000080004f4                __floatunsidf
                0x00000000080004f4                __aeabi_ui2d
                0x0000000008000514                __floatsidf
                0x0000000008000514                __aeabi_i2d
                0x0000000008000538                __aeabi_f2d
                0x0000000008000538                __extendsfdf2
                0x000000000800057c                __floatundidf
                0x000000000800057c                __aeabi_ul2d
                0x000000000800058c                __floatdidf
                0x000000000800058c                __aeabi_l2d
 .text          0x00000000080005e8      0x424 c:/st/stm32cubeide_1.10.1/stm32cubeide/plugins/com.st.stm32cube.ide.mcu.externaltools.gnu-tools-for-stm32.10.3-2021.10.win32_1.0.0.202111181127/tools/bin/../lib/gcc/arm-none-eabi/10.3.1/thumb/v7e-m+fp/hard\libgcc.a(_arm_muldivdf3.o)
                0x00000000080005e8                __aeabi_dmul
                0x00000000080005e8                __muldf3
                0x000000000800083c                __divdf3
                0x000000000800083c                __aeabi_ddiv
 .text          0x0000000008000a0c       0xa0 c:/st/stm32cubeide_1.10.1/stm32cubeide/plugins/com.st.stm32cube.ide.mcu.externaltools.gnu-tools-for-stm32.10.3-2021.10.win32_1.0.0.202111181127/tools/bin/../lib/gcc/arm-none-eabi/10.3.1/thumb/v7e-m+fp/hard\libgcc.a(_arm_truncdfsf2.o)
                0x0000000008000a0c                __truncdfsf2
                0x0000000008000a0c                __aeabi_d2f
 .text          0x0000000008000aac       0x30 c:/st/stm32cubeide_1.10.1/stm32cubeide/plugins/com.st.stm32cube.ide.mcu.externaltools.gnu-tools-for-stm32.10.3-2021.10.win32_1.0.0.202111181127/tools/bin/../lib/gcc/arm-none-eabi/10.3.1/thumb/v7e-m+fp/hard\libgcc.a(_aeabi_uldivmod.o)
                0x0000000008000aac                __aeabi_uldivmod
 .text          0x0000000008000adc      0x2d0 c:/st/stm32cubeide_1.10.1/stm32cubeide/plugins/com.st.stm32cube.ide.mcu.externaltools.gnu-tools-for-stm32.10.3-2021.10.win32_1.0.0.202111181127/tools/bin/../lib/gcc/arm-none-eabi/10.3.1/thumb/v7e-m+fp/hard\libgcc.a(_udivmoddi4.o)
                0x0000000008000adc                __udivmoddi4
 .text          0x0000000008000dac        0x4 c:/st/stm32cubeide_1.10.1/stm32cubeide/plugins/com.st.stm32cube.ide.mcu.externaltools.gnu-tools-for-stm32.10.3-2021.10.win32_1.0.0.202111181127/tools/bin/../lib/gcc/arm-none-eabi/10.3.1/thumb/v7e-m+fp/hard\libgcc.a(_dvmd_tls.o)
                0x0000000008000dac                __aeabi_idiv0
                0x0000000008000dac                __aeabi_ldiv0
 *(.text*)
 .text.MX_ADC1_Init
                0x0000000008000db0      0x114 ./Core/Src/adc.o
                0x0000000008000db0                MX_ADC1_Init
 .text.HAL_ADC_MspInit
                0x0000000008000ec4      0x128 ./Core/Src/adc.o
                0x0000000008000ec4                HAL_ADC_MspInit
 .text.button_init
                0x0000000008000fec       0x18 ./Core/Src/button.o
                0x0000000008000fec                button_init
 .text.button_Scan
                0x0000000008001004       0xd8 ./Core/Src/button.o
                0x0000000008001004                button_Scan
 .text.buzzer_init
                0x00000000080010dc       0x14 ./Core/Src/buzzer.o
                0x00000000080010dc                buzzer_init
 .text.buzzer_SetVolume
                0x00000000080010f0       0x30 ./Core/Src/buzzer.o
                0x00000000080010f0                buzzer_SetVolume
 .text.MX_DMA_Init
                0x0000000008001120       0x40 ./Core/Src/dma.o
                0x0000000008001120                MX_DMA_Init
 .text.ds3231_Write
                0x0000000008001160       0x44 ./Core/Src/ds3231.o
                0x0000000008001160                ds3231_Write
 .text.ds3231_ReadTime
                0x00000000080011a4       0xc8 ./Core/Src/ds3231.o
                0x00000000080011a4                ds3231_ReadTime
 .text.MX_FSMC_Init
                0x000000000800126c       0xf4 ./Core/Src/fsmc.o
                0x000000000800126c                MX_FSMC_Init
 .text.HAL_FSMC_MspInit
                0x0000000008001360       0x98 ./Core/Src/fsmc.o
 .text.HAL_SRAM_MspInit
                0x00000000080013f8       0x14 ./Core/Src/fsmc.o
                0x00000000080013f8                HAL_SRAM_MspInit
 .text.initFunc
                0x000000000800140c       0x88 ./Core/Src/global.o
                0x000000000800140c                initFunc
 .text.display_Adc
                0x0000000008001494      0x218 ./Core/Src/global.o
                0x0000000008001494                display_Adc
 *fill*         0x00000000080016ac        0x4 
 .text.get_Adc  0x00000000080016b0      0x1e4 ./Core/Src/global.o
                0x00000000080016b0                get_Adc
 .text.fsm_Buzzer
                0x0000000008001894       0xe0 ./Core/Src/global.o
                0x0000000008001894                fsm_Buzzer
 .text.updateTime
                0x0000000008001974       0x40 ./Core/Src/global.o
                0x0000000008001974                updateTime
 .text.time_and_comms
                0x00000000080019b4       0x8c ./Core/Src/global.o
                0x00000000080019b4                time_and_comms
 .text.MX_GPIO_Init
                0x0000000008001a40      0x20c ./Core/Src/gpio.o
                0x0000000008001a40                MX_GPIO_Init
 .text.MX_I2C1_Init
                0x0000000008001c4c       0x5c ./Core/Src/i2c.o
                0x0000000008001c4c                MX_I2C1_Init
 .text.HAL_I2C_MspInit
                0x0000000008001ca8       0x90 ./Core/Src/i2c.o
                0x0000000008001ca8                HAL_I2C_MspInit
 .text.LCD_WR_REG
                0x0000000008001d38       0x20 ./Core/Src/lcd.o
                0x0000000008001d38                LCD_WR_REG
 .text.LCD_WR_DATA
                0x0000000008001d58       0x20 ./Core/Src/lcd.o
 .text.LCD_RD_DATA
                0x0000000008001d78       0x24 ./Core/Src/lcd.o
 .text.lcd_AddressSet
                0x0000000008001d9c       0x98 ./Core/Src/lcd.o
                0x0000000008001d9c                lcd_AddressSet
 .text.lcd_Clear
                0x0000000008001e34       0x64 ./Core/Src/lcd.o
                0x0000000008001e34                lcd_Clear
 .text.lcd_DrawPoint
                0x0000000008001e98       0x2e ./Core/Src/lcd.o
                0x0000000008001e98                lcd_DrawPoint
 *fill*         0x0000000008001ec6        0x2 
 .text.lcd_ShowChar
                0x0000000008001ec8      0x1a0 ./Core/Src/lcd.o
                0x0000000008001ec8                lcd_ShowChar
 .text.mypow    0x0000000008002068       0x38 ./Core/Src/lcd.o
                0x0000000008002068                mypow
 .text.lcd_ShowFloatNum
                0x00000000080020a0      0x110 ./Core/Src/lcd.o
                0x00000000080020a0                lcd_ShowFloatNum
 .text.lcd_SetDir
                0x00000000080021b0       0x48 ./Core/Src/lcd.o
                0x00000000080021b0                lcd_SetDir
 .text.lcd_init
                0x00000000080021f8      0x2c0 ./Core/Src/lcd.o
                0x00000000080021f8                lcd_init
 .text.lcd_ShowStr
                0x00000000080024b8       0xc8 ./Core/Src/lcd.o
                0x00000000080024b8                lcd_ShowStr
 .text.led7_Scan
                0x0000000008002580      0x118 ./Core/Src/led_7seg.o
                0x0000000008002580                led7_Scan
 .text.led7_SetDigit
                0x0000000008002698       0x48 ./Core/Src/led_7seg.o
                0x0000000008002698                led7_SetDigit
 .text.main     0x00000000080026e0       0x6c ./Core/Src/main.o
                0x00000000080026e0                main
 .text.SystemClock_Config
                0x000000000800274c       0xd4 ./Core/Src/main.o
                0x000000000800274c                SystemClock_Config
 .text.system_init
                0x0000000008002820       0x26 ./Core/Src/main.o
                0x0000000008002820                system_init
 *fill*         0x0000000008002846        0x2 
 .text.test_LedDebug
                0x0000000008002848       0x48 ./Core/Src/main.o
                0x0000000008002848                test_LedDebug
 .text.Error_Handler
                0x0000000008002890        0xa ./Core/Src/main.o
                0x0000000008002890                Error_Handler
 *fill*         0x000000000800289a        0x2 
 .text.sensor_init
                0x000000000800289c       0x1c ./Core/Src/sensor.o
                0x000000000800289c                sensor_init
 .text.sensor_Read
                0x00000000080028b8       0x1c ./Core/Src/sensor.o
                0x00000000080028b8                sensor_Read
 .text.sensor_GetLight
                0x00000000080028d4       0x18 ./Core/Src/sensor.o
                0x00000000080028d4                sensor_GetLight
 .text.sensor_GetPotentiometer
                0x00000000080028ec       0x18 ./Core/Src/sensor.o
                0x00000000080028ec                sensor_GetPotentiometer
 *fill*         0x0000000008002904        0x4 
 .text.sensor_GetVoltage
                0x0000000008002908       0x78 ./Core/Src/sensor.o
                0x0000000008002908                sensor_GetVoltage
 .text.sensor_GetCurrent
                0x0000000008002980       0xb8 ./Core/Src/sensor.o
                0x0000000008002980                sensor_GetCurrent
 .text.sensor_GetTemperature
                0x0000000008002a38       0x3c ./Core/Src/sensor.o
                0x0000000008002a38                sensor_GetTemperature
 .text.timer_init
                0x0000000008002a74       0x14 ./Core/Src/software_timer.o
                0x0000000008002a74                timer_init
 .text.setTimer2
                0x0000000008002a88       0x38 ./Core/Src/software_timer.o
                0x0000000008002a88                setTimer2
 .text.HAL_TIM_PeriodElapsedCallback
                0x0000000008002ac0       0x54 ./Core/Src/software_timer.o
                0x0000000008002ac0                HAL_TIM_PeriodElapsedCallback
 .text.MX_SPI1_Init
                0x0000000008002b14       0x6c ./Core/Src/spi.o
                0x0000000008002b14                MX_SPI1_Init
 .text.HAL_SPI_MspInit
                0x0000000008002b80       0x90 ./Core/Src/spi.o
                0x0000000008002b80                HAL_SPI_MspInit
 .text.HAL_MspInit
                0x0000000008002c10       0x50 ./Core/Src/stm32f4xx_hal_msp.o
                0x0000000008002c10                HAL_MspInit
 .text.NMI_Handler
                0x0000000008002c60        0x6 ./Core/Src/stm32f4xx_it.o
                0x0000000008002c60                NMI_Handler
 .text.HardFault_Handler
                0x0000000008002c66        0x6 ./Core/Src/stm32f4xx_it.o
                0x0000000008002c66                HardFault_Handler
 .text.MemManage_Handler
                0x0000000008002c6c        0x6 ./Core/Src/stm32f4xx_it.o
                0x0000000008002c6c                MemManage_Handler
 .text.BusFault_Handler
                0x0000000008002c72        0x6 ./Core/Src/stm32f4xx_it.o
                0x0000000008002c72                BusFault_Handler
 .text.UsageFault_Handler
                0x0000000008002c78        0x6 ./Core/Src/stm32f4xx_it.o
                0x0000000008002c78                UsageFault_Handler
 .text.SVC_Handler
                0x0000000008002c7e        0xe ./Core/Src/stm32f4xx_it.o
                0x0000000008002c7e                SVC_Handler
 .text.DebugMon_Handler
                0x0000000008002c8c        0xe ./Core/Src/stm32f4xx_it.o
                0x0000000008002c8c                DebugMon_Handler
 .text.PendSV_Handler
                0x0000000008002c9a        0xe ./Core/Src/stm32f4xx_it.o
                0x0000000008002c9a                PendSV_Handler
 .text.SysTick_Handler
                0x0000000008002ca8        0xc ./Core/Src/stm32f4xx_it.o
                0x0000000008002ca8                SysTick_Handler
 .text.TIM2_IRQHandler
                0x0000000008002cb4       0x14 ./Core/Src/stm32f4xx_it.o
                0x0000000008002cb4                TIM2_IRQHandler
 .text.USART1_IRQHandler
                0x0000000008002cc8       0x14 ./Core/Src/stm32f4xx_it.o
                0x0000000008002cc8                USART1_IRQHandler
 .text.DMA2_Stream0_IRQHandler
                0x0000000008002cdc       0x14 ./Core/Src/stm32f4xx_it.o
                0x0000000008002cdc                DMA2_Stream0_IRQHandler
 .text._sbrk    0x0000000008002cf0       0x6c ./Core/Src/sysmem.o
                0x0000000008002cf0                _sbrk
 .text.SystemInit
                0x0000000008002d5c       0x24 ./Core/Src/system_stm32f4xx.o
                0x0000000008002d5c                SystemInit
 .text.MX_TIM2_Init
                0x0000000008002d80       0x98 ./Core/Src/tim.o
                0x0000000008002d80                MX_TIM2_Init
 .text.MX_TIM13_Init
                0x0000000008002e18       0x9c ./Core/Src/tim.o
                0x0000000008002e18                MX_TIM13_Init
 .text.HAL_TIM_Base_MspInit
                0x0000000008002eb4       0x78 ./Core/Src/tim.o
                0x0000000008002eb4                HAL_TIM_Base_MspInit
 .text.HAL_TIM_MspPostInit
                0x0000000008002f2c       0x74 ./Core/Src/tim.o
                0x0000000008002f2c                HAL_TIM_MspPostInit
 .text.uart_init_rs232
                0x0000000008002fa0       0x1c ./Core/Src/uart.o
                0x0000000008002fa0                uart_init_rs232
 .text.uart_Rs232SendString
                0x0000000008002fbc       0x34 ./Core/Src/uart.o
                0x0000000008002fbc                uart_Rs232SendString
 .text.uart_Rs232SendNum
                0x0000000008002ff0       0xac ./Core/Src/uart.o
                0x0000000008002ff0                uart_Rs232SendNum
 .text.HAL_UART_RxCpltCallback
                0x000000000800309c       0x6c ./Core/Src/uart.o
                0x000000000800309c                HAL_UART_RxCpltCallback
 .text.MX_USART1_UART_Init
                0x0000000008003108       0x54 ./Core/Src/usart.o
                0x0000000008003108                MX_USART1_UART_Init
 .text.HAL_UART_MspInit
                0x000000000800315c       0xa0 ./Core/Src/usart.o
                0x000000000800315c                HAL_UART_MspInit
 .text.BCD2DEC  0x00000000080031fc       0x32 ./Core/Src/utils.o
                0x00000000080031fc                BCD2DEC
 *fill*         0x000000000800322e        0x2 
 .text.DEC2BCD  0x0000000008003230       0x48 ./Core/Src/utils.o
                0x0000000008003230                DEC2BCD
 .text.Reset_Handler
                0x0000000008003278       0x50 ./Core/Startup/startup_stm32f407zetx.o
                0x0000000008003278                Reset_Handler
 .text.Default_Handler
                0x00000000080032c8        0x2 ./Core/Startup/startup_stm32f407zetx.o
                0x00000000080032c8                RTC_Alarm_IRQHandler
                0x00000000080032c8                HASH_RNG_IRQHandler
                0x00000000080032c8                EXTI2_IRQHandler
                0x00000000080032c8                TIM8_CC_IRQHandler
                0x00000000080032c8                TIM1_CC_IRQHandler
                0x00000000080032c8                DMA2_Stream5_IRQHandler
                0x00000000080032c8                DMA1_Stream5_IRQHandler
                0x00000000080032c8                PVD_IRQHandler
                0x00000000080032c8                SDIO_IRQHandler
                0x00000000080032c8                TAMP_STAMP_IRQHandler
                0x00000000080032c8                CAN2_RX1_IRQHandler
                0x00000000080032c8                EXTI3_IRQHandler
                0x00000000080032c8                TIM8_TRG_COM_TIM14_IRQHandler
                0x00000000080032c8                TIM1_UP_TIM10_IRQHandler
                0x00000000080032c8                TIM8_UP_TIM13_IRQHandler
                0x00000000080032c8                I2C3_ER_IRQHandler
                0x00000000080032c8                EXTI0_IRQHandler
                0x00000000080032c8                I2C2_EV_IRQHandler
                0x00000000080032c8                DMA1_Stream2_IRQHandler
                0x00000000080032c8                CAN1_RX0_IRQHandler
                0x00000000080032c8                FPU_IRQHandler
                0x00000000080032c8                OTG_HS_WKUP_IRQHandler
                0x00000000080032c8                CAN2_SCE_IRQHandler
                0x00000000080032c8                DMA2_Stream2_IRQHandler
                0x00000000080032c8                SPI1_IRQHandler
                0x00000000080032c8                TIM6_DAC_IRQHandler
                0x00000000080032c8                TIM1_BRK_TIM9_IRQHandler
                0x00000000080032c8                DCMI_IRQHandler
                0x00000000080032c8                CAN2_RX0_IRQHandler
                0x00000000080032c8                DMA2_Stream3_IRQHandler
                0x00000000080032c8                USART6_IRQHandler
                0x00000000080032c8                USART3_IRQHandler
                0x00000000080032c8                CAN1_RX1_IRQHandler
                0x00000000080032c8                UART5_IRQHandler
                0x00000000080032c8                TIM4_IRQHandler
                0x00000000080032c8                I2C1_EV_IRQHandler
                0x00000000080032c8                DMA1_Stream6_IRQHandler
                0x00000000080032c8                DMA1_Stream1_IRQHandler
                0x00000000080032c8                UART4_IRQHandler
                0x00000000080032c8                TIM3_IRQHandler
                0x00000000080032c8                RCC_IRQHandler
                0x00000000080032c8                TIM8_BRK_TIM12_IRQHandler
                0x00000000080032c8                Default_Handler
                0x00000000080032c8                EXTI15_10_IRQHandler
                0x00000000080032c8                ADC_IRQHandler
                0x00000000080032c8                DMA1_Stream7_IRQHandler
                0x00000000080032c8                TIM7_IRQHandler
                0x00000000080032c8                CAN2_TX_IRQHandler
                0x00000000080032c8                TIM5_IRQHandler
                0x00000000080032c8                DMA2_Stream7_IRQHandler
                0x00000000080032c8                I2C3_EV_IRQHandler
                0x00000000080032c8                EXTI9_5_IRQHandler
                0x00000000080032c8                RTC_WKUP_IRQHandler
                0x00000000080032c8                ETH_WKUP_IRQHandler
                0x00000000080032c8                SPI2_IRQHandler
                0x00000000080032c8                OTG_HS_EP1_IN_IRQHandler
                0x00000000080032c8                DMA1_Stream0_IRQHandler
                0x00000000080032c8                CAN1_TX_IRQHandler
                0x00000000080032c8                EXTI4_IRQHandler
                0x00000000080032c8                FSMC_IRQHandler
                0x00000000080032c8                ETH_IRQHandler
                0x00000000080032c8                OTG_HS_EP1_OUT_IRQHandler
                0x00000000080032c8                WWDG_IRQHandler
                0x00000000080032c8                OTG_FS_WKUP_IRQHandler
                0x00000000080032c8                TIM1_TRG_COM_TIM11_IRQHandler
                0x00000000080032c8                OTG_HS_IRQHandler
                0x00000000080032c8                EXTI1_IRQHandler
                0x00000000080032c8                USART2_IRQHandler
                0x00000000080032c8                I2C2_ER_IRQHandler
                0x00000000080032c8                DMA2_Stream1_IRQHandler
                0x00000000080032c8                CAN1_SCE_IRQHandler
                0x00000000080032c8                FLASH_IRQHandler
                0x00000000080032c8                DMA2_Stream4_IRQHandler
                0x00000000080032c8                OTG_FS_IRQHandler
                0x00000000080032c8                SPI3_IRQHandler
                0x00000000080032c8                DMA1_Stream4_IRQHandler
                0x00000000080032c8                I2C1_ER_IRQHandler
                0x00000000080032c8                DMA2_Stream6_IRQHandler
                0x00000000080032c8                DMA1_Stream3_IRQHandler
 *fill*         0x00000000080032ca        0x2 
 .text.HAL_Init
                0x00000000080032cc       0x44 ./Drivers/STM32F4xx_HAL_Driver/Src/stm32f4xx_hal.o
                0x00000000080032cc                HAL_Init
 .text.HAL_InitTick
                0x0000000008003310       0x60 ./Drivers/STM32F4xx_HAL_Driver/Src/stm32f4xx_hal.o
                0x0000000008003310                HAL_InitTick
 .text.HAL_IncTick
                0x0000000008003370       0x28 ./Drivers/STM32F4xx_HAL_Driver/Src/stm32f4xx_hal.o
                0x0000000008003370                HAL_IncTick
 .text.HAL_GetTick
                0x0000000008003398       0x18 ./Drivers/STM32F4xx_HAL_Driver/Src/stm32f4xx_hal.o
                0x0000000008003398                HAL_GetTick
 .text.HAL_Delay
                0x00000000080033b0       0x48 ./Drivers/STM32F4xx_HAL_Driver/Src/stm32f4xx_hal.o
                0x00000000080033b0                HAL_Delay
 .text.HAL_ADC_Init
                0x00000000080033f8       0x86 ./Drivers/STM32F4xx_HAL_Driver/Src/stm32f4xx_hal_adc.o
                0x00000000080033f8                HAL_ADC_Init
 *fill*         0x000000000800347e        0x2 
 .text.HAL_ADC_Start_DMA
                0x0000000008003480      0x220 ./Drivers/STM32F4xx_HAL_Driver/Src/stm32f4xx_hal_adc.o
                0x0000000008003480                HAL_ADC_Start_DMA
 .text.HAL_ADC_ConvCpltCallback
                0x00000000080036a0       0x14 ./Drivers/STM32F4xx_HAL_Driver/Src/stm32f4xx_hal_adc.o
                0x00000000080036a0                HAL_ADC_ConvCpltCallback
 .text.HAL_ADC_ConvHalfCpltCallback
                0x00000000080036b4       0x14 ./Drivers/STM32F4xx_HAL_Driver/Src/stm32f4xx_hal_adc.o
                0x00000000080036b4                HAL_ADC_ConvHalfCpltCallback
 .text.HAL_ADC_ErrorCallback
                0x00000000080036c8       0x14 ./Drivers/STM32F4xx_HAL_Driver/Src/stm32f4xx_hal_adc.o
                0x00000000080036c8                HAL_ADC_ErrorCallback
 .text.HAL_ADC_ConfigChannel
                0x00000000080036dc      0x244 ./Drivers/STM32F4xx_HAL_Driver/Src/stm32f4xx_hal_adc.o
                0x00000000080036dc                HAL_ADC_ConfigChannel
 .text.ADC_Init
                0x0000000008003920      0x1f8 ./Drivers/STM32F4xx_HAL_Driver/Src/stm32f4xx_hal_adc.o
 .text.ADC_DMAConvCplt
                0x0000000008003b18       0xba ./Drivers/STM32F4xx_HAL_Driver/Src/stm32f4xx_hal_adc.o
 .text.ADC_DMAHalfConvCplt
                0x0000000008003bd2       0x1c ./Drivers/STM32F4xx_HAL_Driver/Src/stm32f4xx_hal_adc.o
 .text.ADC_DMAError
                0x0000000008003bee       0x2e ./Drivers/STM32F4xx_HAL_Driver/Src/stm32f4xx_hal_adc.o
 .text.__NVIC_SetPriorityGrouping
                0x0000000008003c1c       0x48 ./Drivers/STM32F4xx_HAL_Driver/Src/stm32f4xx_hal_cortex.o
 .text.__NVIC_GetPriorityGrouping
                0x0000000008003c64       0x1c ./Drivers/STM32F4xx_HAL_Driver/Src/stm32f4xx_hal_cortex.o
 .text.__NVIC_EnableIRQ
                0x0000000008003c80       0x3c ./Drivers/STM32F4xx_HAL_Driver/Src/stm32f4xx_hal_cortex.o
 .text.__NVIC_SetPriority
                0x0000000008003cbc       0x54 ./Drivers/STM32F4xx_HAL_Driver/Src/stm32f4xx_hal_cortex.o
 .text.NVIC_EncodePriority
                0x0000000008003d10       0x66 ./Drivers/STM32F4xx_HAL_Driver/Src/stm32f4xx_hal_cortex.o
 *fill*         0x0000000008003d76        0x2 
 .text.SysTick_Config
                0x0000000008003d78       0x44 ./Drivers/STM32F4xx_HAL_Driver/Src/stm32f4xx_hal_cortex.o
 .text.HAL_NVIC_SetPriorityGrouping
                0x0000000008003dbc       0x16 ./Drivers/STM32F4xx_HAL_Driver/Src/stm32f4xx_hal_cortex.o
                0x0000000008003dbc                HAL_NVIC_SetPriorityGrouping
 .text.HAL_NVIC_SetPriority
                0x0000000008003dd2       0x38 ./Drivers/STM32F4xx_HAL_Driver/Src/stm32f4xx_hal_cortex.o
                0x0000000008003dd2                HAL_NVIC_SetPriority
 .text.HAL_NVIC_EnableIRQ
                0x0000000008003e0a       0x1c ./Drivers/STM32F4xx_HAL_Driver/Src/stm32f4xx_hal_cortex.o
                0x0000000008003e0a                HAL_NVIC_EnableIRQ
 .text.HAL_SYSTICK_Config
                0x0000000008003e26       0x18 ./Drivers/STM32F4xx_HAL_Driver/Src/stm32f4xx_hal_cortex.o
                0x0000000008003e26                HAL_SYSTICK_Config
 *fill*         0x0000000008003e3e        0x2 
 .text.HAL_DMA_Init
                0x0000000008003e40      0x15c ./Drivers/STM32F4xx_HAL_Driver/Src/stm32f4xx_hal_dma.o
                0x0000000008003e40                HAL_DMA_Init
 .text.HAL_DMA_Start_IT
                0x0000000008003f9c       0xb0 ./Drivers/STM32F4xx_HAL_Driver/Src/stm32f4xx_hal_dma.o
                0x0000000008003f9c                HAL_DMA_Start_IT
 .text.HAL_DMA_Abort
                0x000000000800404c       0xe0 ./Drivers/STM32F4xx_HAL_Driver/Src/stm32f4xx_hal_dma.o
                0x000000000800404c                HAL_DMA_Abort
 .text.HAL_DMA_Abort_IT
                0x000000000800412c       0x44 ./Drivers/STM32F4xx_HAL_Driver/Src/stm32f4xx_hal_dma.o
                0x000000000800412c                HAL_DMA_Abort_IT
 .text.HAL_DMA_IRQHandler
                0x0000000008004170      0x314 ./Drivers/STM32F4xx_HAL_Driver/Src/stm32f4xx_hal_dma.o
                0x0000000008004170                HAL_DMA_IRQHandler
 .text.DMA_SetConfig
                0x0000000008004484       0x5c ./Drivers/STM32F4xx_HAL_Driver/Src/stm32f4xx_hal_dma.o
 .text.DMA_CalcBaseAndBitshift
                0x00000000080044e0       0x6c ./Drivers/STM32F4xx_HAL_Driver/Src/stm32f4xx_hal_dma.o
 .text.DMA_CheckFifoParam
                0x000000000800454c       0xf8 ./Drivers/STM32F4xx_HAL_Driver/Src/stm32f4xx_hal_dma.o
 .text.HAL_GPIO_Init
                0x0000000008004644      0x338 ./Drivers/STM32F4xx_HAL_Driver/Src/stm32f4xx_hal_gpio.o
                0x0000000008004644                HAL_GPIO_Init
 .text.HAL_GPIO_WritePin
                0x000000000800497c       0x32 ./Drivers/STM32F4xx_HAL_Driver/Src/stm32f4xx_hal_gpio.o
                0x000000000800497c                HAL_GPIO_WritePin
 .text.HAL_GPIO_TogglePin
                0x00000000080049ae       0x34 ./Drivers/STM32F4xx_HAL_Driver/Src/stm32f4xx_hal_gpio.o
                0x00000000080049ae                HAL_GPIO_TogglePin
 *fill*         0x00000000080049e2        0x2 
 .text.HAL_I2C_Init
                0x00000000080049e4      0x288 ./Drivers/STM32F4xx_HAL_Driver/Src/stm32f4xx_hal_i2c.o
                0x00000000080049e4                HAL_I2C_Init
 .text.HAL_I2C_Mem_Write
                0x0000000008004c6c      0x1f4 ./Drivers/STM32F4xx_HAL_Driver/Src/stm32f4xx_hal_i2c.o
                0x0000000008004c6c                HAL_I2C_Mem_Write
 .text.HAL_I2C_Mem_Read
                0x0000000008004e60      0x44c ./Drivers/STM32F4xx_HAL_Driver/Src/stm32f4xx_hal_i2c.o
                0x0000000008004e60                HAL_I2C_Mem_Read
 .text.I2C_RequestMemoryWrite
                0x00000000080052ac      0x12c ./Drivers/STM32F4xx_HAL_Driver/Src/stm32f4xx_hal_i2c.o
 .text.I2C_RequestMemoryRead
                0x00000000080053d8      0x1d0 ./Drivers/STM32F4xx_HAL_Driver/Src/stm32f4xx_hal_i2c.o
 .text.I2C_WaitOnFlagUntilTimeout
                0x00000000080055a8       0xae ./Drivers/STM32F4xx_HAL_Driver/Src/stm32f4xx_hal_i2c.o
 .text.I2C_WaitOnMasterAddressFlagUntilTimeout
                0x0000000008005656       0xfe ./Drivers/STM32F4xx_HAL_Driver/Src/stm32f4xx_hal_i2c.o
 .text.I2C_WaitOnTXEFlagUntilTimeout
                0x0000000008005754       0x82 ./Drivers/STM32F4xx_HAL_Driver/Src/stm32f4xx_hal_i2c.o
 .text.I2C_WaitOnBTFFlagUntilTimeout
                0x00000000080057d6       0x82 ./Drivers/STM32F4xx_HAL_Driver/Src/stm32f4xx_hal_i2c.o
 .text.I2C_WaitOnRXNEFlagUntilTimeout
                0x0000000008005858       0xac ./Drivers/STM32F4xx_HAL_Driver/Src/stm32f4xx_hal_i2c.o
 .text.I2C_IsAcknowledgeFailed
                0x0000000008005904       0x5e ./Drivers/STM32F4xx_HAL_Driver/Src/stm32f4xx_hal_i2c.o
 *fill*         0x0000000008005962        0x2 
 .text.HAL_RCC_OscConfig
                0x0000000008005964      0x4f0 ./Drivers/STM32F4xx_HAL_Driver/Src/stm32f4xx_hal_rcc.o
                0x0000000008005964                HAL_RCC_OscConfig
 .text.HAL_RCC_ClockConfig
                0x0000000008005e54      0x1cc ./Drivers/STM32F4xx_HAL_Driver/Src/stm32f4xx_hal_rcc.o
                0x0000000008005e54                HAL_RCC_ClockConfig
 .text.HAL_RCC_GetSysClockFreq
                0x0000000008006020      0x20c ./Drivers/STM32F4xx_HAL_Driver/Src/stm32f4xx_hal_rcc.o
                0x0000000008006020                HAL_RCC_GetSysClockFreq
 .text.HAL_RCC_GetHCLKFreq
                0x000000000800622c       0x18 ./Drivers/STM32F4xx_HAL_Driver/Src/stm32f4xx_hal_rcc.o
                0x000000000800622c                HAL_RCC_GetHCLKFreq
 .text.HAL_RCC_GetPCLK1Freq
                0x0000000008006244       0x28 ./Drivers/STM32F4xx_HAL_Driver/Src/stm32f4xx_hal_rcc.o
                0x0000000008006244                HAL_RCC_GetPCLK1Freq
 .text.HAL_RCC_GetPCLK2Freq
                0x000000000800626c       0x28 ./Drivers/STM32F4xx_HAL_Driver/Src/stm32f4xx_hal_rcc.o
                0x000000000800626c                HAL_RCC_GetPCLK2Freq
 .text.HAL_SPI_Init
                0x0000000008006294      0x112 ./Drivers/STM32F4xx_HAL_Driver/Src/stm32f4xx_hal_spi.o
                0x0000000008006294                HAL_SPI_Init
 .text.HAL_SPI_Transmit
                0x00000000080063a6      0x278 ./Drivers/STM32F4xx_HAL_Driver/Src/stm32f4xx_hal_spi.o
                0x00000000080063a6                HAL_SPI_Transmit
 .text.HAL_SPI_Receive
                0x000000000800661e      0x222 ./Drivers/STM32F4xx_HAL_Driver/Src/stm32f4xx_hal_spi.o
                0x000000000800661e                HAL_SPI_Receive
 .text.HAL_SPI_TransmitReceive
                0x0000000008006840      0x344 ./Drivers/STM32F4xx_HAL_Driver/Src/stm32f4xx_hal_spi.o
                0x0000000008006840                HAL_SPI_TransmitReceive
 .text.SPI_WaitFlagStateUntilTimeout
                0x0000000008006b84      0x110 ./Drivers/STM32F4xx_HAL_Driver/Src/stm32f4xx_hal_spi.o
 .text.SPI_EndRxTransaction
                0x0000000008006c94       0xca ./Drivers/STM32F4xx_HAL_Driver/Src/stm32f4xx_hal_spi.o
 *fill*         0x0000000008006d5e        0x2 
 .text.SPI_EndRxTxTransaction
                0x0000000008006d60       0x84 ./Drivers/STM32F4xx_HAL_Driver/Src/stm32f4xx_hal_spi.o
 .text.HAL_SRAM_Init
                0x0000000008006de4       0x90 ./Drivers/STM32F4xx_HAL_Driver/Src/stm32f4xx_hal_sram.o
                0x0000000008006de4                HAL_SRAM_Init
 .text.HAL_TIM_Base_Init
                0x0000000008006e74       0x9e ./Drivers/STM32F4xx_HAL_Driver/Src/stm32f4xx_hal_tim.o
                0x0000000008006e74                HAL_TIM_Base_Init
 *fill*         0x0000000008006f12        0x2 
 .text.HAL_TIM_Base_Start_IT
                0x0000000008006f14       0xe0 ./Drivers/STM32F4xx_HAL_Driver/Src/stm32f4xx_hal_tim.o
                0x0000000008006f14                HAL_TIM_Base_Start_IT
 .text.HAL_TIM_PWM_Init
                0x0000000008006ff4       0x9e ./Drivers/STM32F4xx_HAL_Driver/Src/stm32f4xx_hal_tim.o
                0x0000000008006ff4                HAL_TIM_PWM_Init
 .text.HAL_TIM_PWM_MspInit
                0x0000000008007092       0x14 ./Drivers/STM32F4xx_HAL_Driver/Src/stm32f4xx_hal_tim.o
                0x0000000008007092                HAL_TIM_PWM_MspInit
 *fill*         0x00000000080070a6        0x2 
 .text.HAL_TIM_PWM_Start
                0x00000000080070a8      0x190 ./Drivers/STM32F4xx_HAL_Driver/Src/stm32f4xx_hal_tim.o
                0x00000000080070a8                HAL_TIM_PWM_Start
 .text.HAL_TIM_IRQHandler
                0x0000000008007238      0x210 ./Drivers/STM32F4xx_HAL_Driver/Src/stm32f4xx_hal_tim.o
                0x0000000008007238                HAL_TIM_IRQHandler
 .text.HAL_TIM_PWM_ConfigChannel
                0x0000000008007448      0x184 ./Drivers/STM32F4xx_HAL_Driver/Src/stm32f4xx_hal_tim.o
                0x0000000008007448                HAL_TIM_PWM_ConfigChannel
 .text.HAL_TIM_ConfigClockSource
                0x00000000080075cc      0x18e ./Drivers/STM32F4xx_HAL_Driver/Src/stm32f4xx_hal_tim.o
                0x00000000080075cc                HAL_TIM_ConfigClockSource
 .text.HAL_TIM_OC_DelayElapsedCallback
                0x000000000800775a       0x14 ./Drivers/STM32F4xx_HAL_Driver/Src/stm32f4xx_hal_tim.o
                0x000000000800775a                HAL_TIM_OC_DelayElapsedCallback
 .text.HAL_TIM_IC_CaptureCallback
                0x000000000800776e       0x14 ./Drivers/STM32F4xx_HAL_Driver/Src/stm32f4xx_hal_tim.o
                0x000000000800776e                HAL_TIM_IC_CaptureCallback
 .text.HAL_TIM_PWM_PulseFinishedCallback
                0x0000000008007782       0x14 ./Drivers/STM32F4xx_HAL_Driver/Src/stm32f4xx_hal_tim.o
                0x0000000008007782                HAL_TIM_PWM_PulseFinishedCallback
 .text.HAL_TIM_TriggerCallback
                0x0000000008007796       0x14 ./Drivers/STM32F4xx_HAL_Driver/Src/stm32f4xx_hal_tim.o
                0x0000000008007796                HAL_TIM_TriggerCallback
 *fill*         0x00000000080077aa        0x2 
 .text.TIM_Base_SetConfig
                0x00000000080077ac      0x140 ./Drivers/STM32F4xx_HAL_Driver/Src/stm32f4xx_hal_tim.o
                0x00000000080077ac                TIM_Base_SetConfig
 .text.TIM_OC1_SetConfig
                0x00000000080078ec       0xe0 ./Drivers/STM32F4xx_HAL_Driver/Src/stm32f4xx_hal_tim.o
 .text.TIM_OC2_SetConfig
                0x00000000080079cc       0xec ./Drivers/STM32F4xx_HAL_Driver/Src/stm32f4xx_hal_tim.o
                0x00000000080079cc                TIM_OC2_SetConfig
 .text.TIM_OC3_SetConfig
                0x0000000008007ab8       0xe8 ./Drivers/STM32F4xx_HAL_Driver/Src/stm32f4xx_hal_tim.o
 .text.TIM_OC4_SetConfig
                0x0000000008007ba0       0xac ./Drivers/STM32F4xx_HAL_Driver/Src/stm32f4xx_hal_tim.o
 .text.TIM_TI1_ConfigInputStage
                0x0000000008007c4c       0x5e ./Drivers/STM32F4xx_HAL_Driver/Src/stm32f4xx_hal_tim.o
 .text.TIM_TI2_ConfigInputStage
                0x0000000008007caa       0x60 ./Drivers/STM32F4xx_HAL_Driver/Src/stm32f4xx_hal_tim.o
 .text.TIM_ITRx_SetConfig
                0x0000000008007d0a       0x36 ./Drivers/STM32F4xx_HAL_Driver/Src/stm32f4xx_hal_tim.o
 .text.TIM_ETR_SetConfig
                0x0000000008007d40       0x40 ./Drivers/STM32F4xx_HAL_Driver/Src/stm32f4xx_hal_tim.o
                0x0000000008007d40                TIM_ETR_SetConfig
 .text.TIM_CCxChannelCmd
                0x0000000008007d80       0x4a ./Drivers/STM32F4xx_HAL_Driver/Src/stm32f4xx_hal_tim.o
                0x0000000008007d80                TIM_CCxChannelCmd
 *fill*         0x0000000008007dca        0x2 
 .text.HAL_TIMEx_MasterConfigSynchronization
                0x0000000008007dcc       0xf8 ./Drivers/STM32F4xx_HAL_Driver/Src/stm32f4xx_hal_tim_ex.o
                0x0000000008007dcc                HAL_TIMEx_MasterConfigSynchronization
 .text.HAL_TIMEx_CommutCallback
                0x0000000008007ec4       0x14 ./Drivers/STM32F4xx_HAL_Driver/Src/stm32f4xx_hal_tim_ex.o
                0x0000000008007ec4                HAL_TIMEx_CommutCallback
 .text.HAL_TIMEx_BreakCallback
                0x0000000008007ed8       0x14 ./Drivers/STM32F4xx_HAL_Driver/Src/stm32f4xx_hal_tim_ex.o
                0x0000000008007ed8                HAL_TIMEx_BreakCallback
 .text.HAL_UART_Init
                0x0000000008007eec       0x9a ./Drivers/STM32F4xx_HAL_Driver/Src/stm32f4xx_hal_uart.o
                0x0000000008007eec                HAL_UART_Init
 .text.HAL_UART_Transmit
                0x0000000008007f86      0x124 ./Drivers/STM32F4xx_HAL_Driver/Src/stm32f4xx_hal_uart.o
                0x0000000008007f86                HAL_UART_Transmit
 .text.HAL_UART_Receive_IT
                0x00000000080080aa       0x60 ./Drivers/STM32F4xx_HAL_Driver/Src/stm32f4xx_hal_uart.o
                0x00000000080080aa                HAL_UART_Receive_IT
 *fill*         0x000000000800810a        0x2 
 .text.HAL_UART_IRQHandler
                0x000000000800810c      0x51c ./Drivers/STM32F4xx_HAL_Driver/Src/stm32f4xx_hal_uart.o
                0x000000000800810c                HAL_UART_IRQHandler
 .text.HAL_UART_TxCpltCallback
                0x0000000008008628       0x14 ./Drivers/STM32F4xx_HAL_Driver/Src/stm32f4xx_hal_uart.o
                0x0000000008008628                HAL_UART_TxCpltCallback
 .text.HAL_UART_ErrorCallback
                0x000000000800863c       0x14 ./Drivers/STM32F4xx_HAL_Driver/Src/stm32f4xx_hal_uart.o
                0x000000000800863c                HAL_UART_ErrorCallback
 .text.HAL_UARTEx_RxEventCallback
                0x0000000008008650       0x18 ./Drivers/STM32F4xx_HAL_Driver/Src/stm32f4xx_hal_uart.o
                0x0000000008008650                HAL_UARTEx_RxEventCallback
 .text.UART_WaitOnFlagUntilTimeout
                0x0000000008008668       0xdc ./Drivers/STM32F4xx_HAL_Driver/Src/stm32f4xx_hal_uart.o
 .text.UART_Start_Receive_IT
                0x0000000008008744       0x7c ./Drivers/STM32F4xx_HAL_Driver/Src/stm32f4xx_hal_uart.o
                0x0000000008008744                UART_Start_Receive_IT
 .text.UART_EndRxTransfer
                0x00000000080087c0       0xc6 ./Drivers/STM32F4xx_HAL_Driver/Src/stm32f4xx_hal_uart.o
 .text.UART_DMAAbortOnError
                0x0000000008008886       0x28 ./Drivers/STM32F4xx_HAL_Driver/Src/stm32f4xx_hal_uart.o
 .text.UART_Transmit_IT
                0x00000000080088ae       0xa0 ./Drivers/STM32F4xx_HAL_Driver/Src/stm32f4xx_hal_uart.o
 .text.UART_EndTransmit_IT
                0x000000000800894e       0x30 ./Drivers/STM32F4xx_HAL_Driver/Src/stm32f4xx_hal_uart.o
 .text.UART_Receive_IT
                0x000000000800897e      0x176 ./Drivers/STM32F4xx_HAL_Driver/Src/stm32f4xx_hal_uart.o
 .text.UART_SetConfig
                0x0000000008008af4      0x4e8 ./Drivers/STM32F4xx_HAL_Driver/Src/stm32f4xx_hal_uart.o
 .text.FSMC_NORSRAM_Init
                0x0000000008008fdc       0xd4 ./Drivers/STM32F4xx_HAL_Driver/Src/stm32f4xx_ll_fsmc.o
                0x0000000008008fdc                FSMC_NORSRAM_Init
 .text.FSMC_NORSRAM_Timing_Init
                0x00000000080090b0       0x6a ./Drivers/STM32F4xx_HAL_Driver/Src/stm32f4xx_ll_fsmc.o
                0x00000000080090b0                FSMC_NORSRAM_Timing_Init
 *fill*         0x000000000800911a        0x2 
 .text.FSMC_NORSRAM_Extended_Timing_Init
                0x000000000800911c       0x70 ./Drivers/STM32F4xx_HAL_Driver/Src/stm32f4xx_ll_fsmc.o
                0x000000000800911c                FSMC_NORSRAM_Extended_Timing_Init
 .text.__errno  0x000000000800918c        0xc c:/st/stm32cubeide_1.10.1/stm32cubeide/plugins/com.st.stm32cube.ide.mcu.externaltools.gnu-tools-for-stm32.10.3-2021.10.win32_1.0.0.202111181127/tools/bin/../lib/gcc/arm-none-eabi/10.3.1/../../../../arm-none-eabi/lib/thumb/v7e-m+fp/hard\libc_nano.a(lib_a-errno.o)
                0x000000000800918c                __errno
 .text.__libc_init_array
                0x0000000008009198       0x48 c:/st/stm32cubeide_1.10.1/stm32cubeide/plugins/com.st.stm32cube.ide.mcu.externaltools.gnu-tools-for-stm32.10.3-2021.10.win32_1.0.0.202111181127/tools/bin/../lib/gcc/arm-none-eabi/10.3.1/../../../../arm-none-eabi/lib/thumb/v7e-m+fp/hard\libc_nano.a(lib_a-init.o)
                0x0000000008009198                __libc_init_array
 .text.memset   0x00000000080091e0       0x10 c:/st/stm32cubeide_1.10.1/stm32cubeide/plugins/com.st.stm32cube.ide.mcu.externaltools.gnu-tools-for-stm32.10.3-2021.10.win32_1.0.0.202111181127/tools/bin/../lib/gcc/arm-none-eabi/10.3.1/../../../../arm-none-eabi/lib/thumb/v7e-m+fp/hard\libc_nano.a(lib_a-memset.o)
                0x00000000080091e0                memset
 .text.sprintf  0x00000000080091f0       0x40 c:/st/stm32cubeide_1.10.1/stm32cubeide/plugins/com.st.stm32cube.ide.mcu.externaltools.gnu-tools-for-stm32.10.3-2021.10.win32_1.0.0.202111181127/tools/bin/../lib/gcc/arm-none-eabi/10.3.1/../../../../arm-none-eabi/lib/thumb/v7e-m+fp/hard\libc_nano.a(lib_a-sprintf.o)
                0x00000000080091f0                siprintf
                0x00000000080091f0                sprintf
 .text.__ssputs_r
                0x0000000008009230       0xb6 c:/st/stm32cubeide_1.10.1/stm32cubeide/plugins/com.st.stm32cube.ide.mcu.externaltools.gnu-tools-for-stm32.10.3-2021.10.win32_1.0.0.202111181127/tools/bin/../lib/gcc/arm-none-eabi/10.3.1/../../../../arm-none-eabi/lib/thumb/v7e-m+fp/hard\libc_nano.a(lib_a-nano-svfprintf.o)
                0x0000000008009230                __ssputs_r
 *fill*         0x00000000080092e6        0x2 
 .text._svfprintf_r
                0x00000000080092e8      0x200 c:/st/stm32cubeide_1.10.1/stm32cubeide/plugins/com.st.stm32cube.ide.mcu.externaltools.gnu-tools-for-stm32.10.3-2021.10.win32_1.0.0.202111181127/tools/bin/../lib/gcc/arm-none-eabi/10.3.1/../../../../arm-none-eabi/lib/thumb/v7e-m+fp/hard\libc_nano.a(lib_a-nano-svfprintf.o)
                0x00000000080092e8                _svfiprintf_r
                0x00000000080092e8                _svfprintf_r
 .text._printf_common
                0x00000000080094e8       0xda c:/st/stm32cubeide_1.10.1/stm32cubeide/plugins/com.st.stm32cube.ide.mcu.externaltools.gnu-tools-for-stm32.10.3-2021.10.win32_1.0.0.202111181127/tools/bin/../lib/gcc/arm-none-eabi/10.3.1/../../../../arm-none-eabi/lib/thumb/v7e-m+fp/hard\libc_nano.a(lib_a-nano-vfprintf_i.o)
                0x00000000080094e8                _printf_common
 *fill*         0x00000000080095c2        0x2 
 .text._printf_i
                0x00000000080095c4      0x24c c:/st/stm32cubeide_1.10.1/stm32cubeide/plugins/com.st.stm32cube.ide.mcu.externaltools.gnu-tools-for-stm32.10.3-2021.10.win32_1.0.0.202111181127/tools/bin/../lib/gcc/arm-none-eabi/10.3.1/../../../../arm-none-eabi/lib/thumb/v7e-m+fp/hard\libc_nano.a(lib_a-nano-vfprintf_i.o)
                0x00000000080095c4                _printf_i
 .text.memcpy   0x0000000008009810       0x1c c:/st/stm32cubeide_1.10.1/stm32cubeide/plugins/com.st.stm32cube.ide.mcu.externaltools.gnu-tools-for-stm32.10.3-2021.10.win32_1.0.0.202111181127/tools/bin/../lib/gcc/arm-none-eabi/10.3.1/../../../../arm-none-eabi/lib/thumb/v7e-m+fp/hard\libc_nano.a(lib_a-memcpy-stub.o)
                0x0000000008009810                memcpy
 .text.memmove  0x000000000800982c       0x34 c:/st/stm32cubeide_1.10.1/stm32cubeide/plugins/com.st.stm32cube.ide.mcu.externaltools.gnu-tools-for-stm32.10.3-2021.10.win32_1.0.0.202111181127/tools/bin/../lib/gcc/arm-none-eabi/10.3.1/../../../../arm-none-eabi/lib/thumb/v7e-m+fp/hard\libc_nano.a(lib_a-memmove.o)
                0x000000000800982c                memmove
 .text._free_r  0x0000000008009860       0x98 c:/st/stm32cubeide_1.10.1/stm32cubeide/plugins/com.st.stm32cube.ide.mcu.externaltools.gnu-tools-for-stm32.10.3-2021.10.win32_1.0.0.202111181127/tools/bin/../lib/gcc/arm-none-eabi/10.3.1/../../../../arm-none-eabi/lib/thumb/v7e-m+fp/hard\libc_nano.a(lib_a-nano-freer.o)
                0x0000000008009860                _free_r
 .text.sbrk_aligned
                0x00000000080098f8       0x40 c:/st/stm32cubeide_1.10.1/stm32cubeide/plugins/com.st.stm32cube.ide.mcu.externaltools.gnu-tools-for-stm32.10.3-2021.10.win32_1.0.0.202111181127/tools/bin/../lib/gcc/arm-none-eabi/10.3.1/../../../../arm-none-eabi/lib/thumb/v7e-m+fp/hard\libc_nano.a(lib_a-nano-mallocr.o)
 .text._malloc_r
                0x0000000008009938       0xe8 c:/st/stm32cubeide_1.10.1/stm32cubeide/plugins/com.st.stm32cube.ide.mcu.externaltools.gnu-tools-for-stm32.10.3-2021.10.win32_1.0.0.202111181127/tools/bin/../lib/gcc/arm-none-eabi/10.3.1/../../../../arm-none-eabi/lib/thumb/v7e-m+fp/hard\libc_nano.a(lib_a-nano-mallocr.o)
                0x0000000008009938                _malloc_r
 .text._realloc_r
                0x0000000008009a20       0x5e c:/st/stm32cubeide_1.10.1/stm32cubeide/plugins/com.st.stm32cube.ide.mcu.externaltools.gnu-tools-for-stm32.10.3-2021.10.win32_1.0.0.202111181127/tools/bin/../lib/gcc/arm-none-eabi/10.3.1/../../../../arm-none-eabi/lib/thumb/v7e-m+fp/hard\libc_nano.a(lib_a-nano-reallocr.o)
                0x0000000008009a20                _realloc_r
 *fill*         0x0000000008009a7e        0x2 
 .text._sbrk_r  0x0000000008009a80       0x20 c:/st/stm32cubeide_1.10.1/stm32cubeide/plugins/com.st.stm32cube.ide.mcu.externaltools.gnu-tools-for-stm32.10.3-2021.10.win32_1.0.0.202111181127/tools/bin/../lib/gcc/arm-none-eabi/10.3.1/../../../../arm-none-eabi/lib/thumb/v7e-m+fp/hard\libc_nano.a(lib_a-sbrkr.o)
                0x0000000008009a80                _sbrk_r
 .text.__malloc_lock
                0x0000000008009aa0        0xc c:/st/stm32cubeide_1.10.1/stm32cubeide/plugins/com.st.stm32cube.ide.mcu.externaltools.gnu-tools-for-stm32.10.3-2021.10.win32_1.0.0.202111181127/tools/bin/../lib/gcc/arm-none-eabi/10.3.1/../../../../arm-none-eabi/lib/thumb/v7e-m+fp/hard\libc_nano.a(lib_a-mlock.o)
                0x0000000008009aa0                __malloc_lock
 .text.__malloc_unlock
                0x0000000008009aac        0xc c:/st/stm32cubeide_1.10.1/stm32cubeide/plugins/com.st.stm32cube.ide.mcu.externaltools.gnu-tools-for-stm32.10.3-2021.10.win32_1.0.0.202111181127/tools/bin/../lib/gcc/arm-none-eabi/10.3.1/../../../../arm-none-eabi/lib/thumb/v7e-m+fp/hard\libc_nano.a(lib_a-mlock.o)
                0x0000000008009aac                __malloc_unlock
 .text._malloc_usable_size_r
                0x0000000008009ab8       0x10 c:/st/stm32cubeide_1.10.1/stm32cubeide/plugins/com.st.stm32cube.ide.mcu.externaltools.gnu-tools-for-stm32.10.3-2021.10.win32_1.0.0.202111181127/tools/bin/../lib/gcc/arm-none-eabi/10.3.1/../../../../arm-none-eabi/lib/thumb/v7e-m+fp/hard\libc_nano.a(lib_a-nano-msizer.o)
                0x0000000008009ab8                _malloc_usable_size_r
 .text.__retarget_lock_acquire_recursive
                0x0000000008009ac8        0x2 c:/st/stm32cubeide_1.10.1/stm32cubeide/plugins/com.st.stm32cube.ide.mcu.externaltools.gnu-tools-for-stm32.10.3-2021.10.win32_1.0.0.202111181127/tools/bin/../lib/gcc/arm-none-eabi/10.3.1/../../../../arm-none-eabi/lib/thumb/v7e-m+fp/hard\libc_nano.a(lib_a-lock.o)
                0x0000000008009ac8                __retarget_lock_acquire_recursive
 .text.__retarget_lock_release_recursive
                0x0000000008009aca        0x2 c:/st/stm32cubeide_1.10.1/stm32cubeide/plugins/com.st.stm32cube.ide.mcu.externaltools.gnu-tools-for-stm32.10.3-2021.10.win32_1.0.0.202111181127/tools/bin/../lib/gcc/arm-none-eabi/10.3.1/../../../../arm-none-eabi/lib/thumb/v7e-m+fp/hard\libc_nano.a(lib_a-lock.o)
                0x0000000008009aca                __retarget_lock_release_recursive
 *(.glue_7)
 .glue_7        0x0000000008009acc        0x0 linker stubs
 *(.glue_7t)
 .glue_7t       0x0000000008009acc        0x0 linker stubs
 *(.eh_frame)
 .eh_frame      0x0000000008009acc        0x0 c:/st/stm32cubeide_1.10.1/stm32cubeide/plugins/com.st.stm32cube.ide.mcu.externaltools.gnu-tools-for-stm32.10.3-2021.10.win32_1.0.0.202111181127/tools/bin/../lib/gcc/arm-none-eabi/10.3.1/thumb/v7e-m+fp/hard/crtbegin.o
 *(.init)
 .init          0x0000000008009acc        0x4 c:/st/stm32cubeide_1.10.1/stm32cubeide/plugins/com.st.stm32cube.ide.mcu.externaltools.gnu-tools-for-stm32.10.3-2021.10.win32_1.0.0.202111181127/tools/bin/../lib/gcc/arm-none-eabi/10.3.1/thumb/v7e-m+fp/hard/crti.o
                0x0000000008009acc                _init
 .init          0x0000000008009ad0        0x8 c:/st/stm32cubeide_1.10.1/stm32cubeide/plugins/com.st.stm32cube.ide.mcu.externaltools.gnu-tools-for-stm32.10.3-2021.10.win32_1.0.0.202111181127/tools/bin/../lib/gcc/arm-none-eabi/10.3.1/thumb/v7e-m+fp/hard/crtn.o
 *(.fini)
 .fini          0x0000000008009ad8        0x4 c:/st/stm32cubeide_1.10.1/stm32cubeide/plugins/com.st.stm32cube.ide.mcu.externaltools.gnu-tools-for-stm32.10.3-2021.10.win32_1.0.0.202111181127/tools/bin/../lib/gcc/arm-none-eabi/10.3.1/thumb/v7e-m+fp/hard/crti.o
                0x0000000008009ad8                _fini
 .fini          0x0000000008009adc        0x8 c:/st/stm32cubeide_1.10.1/stm32cubeide/plugins/com.st.stm32cube.ide.mcu.externaltools.gnu-tools-for-stm32.10.3-2021.10.win32_1.0.0.202111181127/tools/bin/../lib/gcc/arm-none-eabi/10.3.1/thumb/v7e-m+fp/hard/crtn.o
                0x0000000008009ae4                . = ALIGN (0x4)
                0x0000000008009ae4                _etext = .

.vfp11_veneer   0x0000000008009ae4        0x0
 .vfp11_veneer  0x0000000008009ae4        0x0 linker stubs

.v4_bx          0x0000000008009ae4        0x0
 .v4_bx         0x0000000008009ae4        0x0 linker stubs

.iplt           0x0000000008009ae4        0x0
 .iplt          0x0000000008009ae4        0x0 c:/st/stm32cubeide_1.10.1/stm32cubeide/plugins/com.st.stm32cube.ide.mcu.externaltools.gnu-tools-for-stm32.10.3-2021.10.win32_1.0.0.202111181127/tools/bin/../lib/gcc/arm-none-eabi/10.3.1/thumb/v7e-m+fp/hard/crtbegin.o

.rodata         0x0000000008009ae4     0x308c
                0x0000000008009ae4                . = ALIGN (0x4)
 *(.rodata)
 .rodata        0x0000000008009ae4       0xa2 ./Core/Src/global.o
 *fill*         0x0000000008009b86        0x2 
 .rodata        0x0000000008009b88       0x12 ./Core/Src/uart.o
 *(.rodata*)
 *fill*         0x0000000008009b9a        0x2 
 .rodata.ascii_1608
                0x0000000008009b9c      0x5f0 ./Core/Src/lcd.o
                0x0000000008009b9c                ascii_1608
 .rodata.ascii_2412
                0x000000000800a18c     0x11d0 ./Core/Src/lcd.o
                0x000000000800a18c                ascii_2412
 .rodata.ascii_3216
                0x000000000800b35c     0x17c0 ./Core/Src/lcd.o
                0x000000000800b35c                ascii_3216
 .rodata.AHBPrescTable
                0x000000000800cb1c       0x10 ./Core/Src/system_stm32f4xx.o
                0x000000000800cb1c                AHBPrescTable
 .rodata.APBPrescTable
                0x000000000800cb2c        0x8 ./Core/Src/system_stm32f4xx.o
                0x000000000800cb2c                APBPrescTable
 .rodata.flagBitshiftOffset.0
                0x000000000800cb34        0x8 ./Drivers/STM32F4xx_HAL_Driver/Src/stm32f4xx_hal_dma.o
 .rodata._svfprintf_r.str1.1
                0x000000000800cb3c       0x11 c:/st/stm32cubeide_1.10.1/stm32cubeide/plugins/com.st.stm32cube.ide.mcu.externaltools.gnu-tools-for-stm32.10.3-2021.10.win32_1.0.0.202111181127/tools/bin/../lib/gcc/arm-none-eabi/10.3.1/../../../../arm-none-eabi/lib/thumb/v7e-m+fp/hard\libc_nano.a(lib_a-nano-svfprintf.o)
 .rodata._printf_i.str1.1
                0x000000000800cb4d       0x22 c:/st/stm32cubeide_1.10.1/stm32cubeide/plugins/com.st.stm32cube.ide.mcu.externaltools.gnu-tools-for-stm32.10.3-2021.10.win32_1.0.0.202111181127/tools/bin/../lib/gcc/arm-none-eabi/10.3.1/../../../../arm-none-eabi/lib/thumb/v7e-m+fp/hard\libc_nano.a(lib_a-nano-vfprintf_i.o)
                0x000000000800cb70                . = ALIGN (0x4)
 *fill*         0x000000000800cb6f        0x1 

.ARM.extab      0x000000000800cb70        0x0
                0x000000000800cb70                . = ALIGN (0x4)
 *(.ARM.extab* .gnu.linkonce.armextab.*)
                0x000000000800cb70                . = ALIGN (0x4)

.ARM            0x000000000800cb70        0x8
                0x000000000800cb70                . = ALIGN (0x4)
                0x000000000800cb70                __exidx_start = .
 *(.ARM.exidx*)
 .ARM.exidx     0x000000000800cb70        0x8 c:/st/stm32cubeide_1.10.1/stm32cubeide/plugins/com.st.stm32cube.ide.mcu.externaltools.gnu-tools-for-stm32.10.3-2021.10.win32_1.0.0.202111181127/tools/bin/../lib/gcc/arm-none-eabi/10.3.1/thumb/v7e-m+fp/hard\libgcc.a(_udivmoddi4.o)
                0x000000000800cb78                __exidx_end = .
                0x000000000800cb78                . = ALIGN (0x4)

.rel.dyn        0x000000000800cb78        0x0
 .rel.iplt      0x000000000800cb78        0x0 c:/st/stm32cubeide_1.10.1/stm32cubeide/plugins/com.st.stm32cube.ide.mcu.externaltools.gnu-tools-for-stm32.10.3-2021.10.win32_1.0.0.202111181127/tools/bin/../lib/gcc/arm-none-eabi/10.3.1/thumb/v7e-m+fp/hard/crtbegin.o

.preinit_array  0x000000000800cb78        0x0
                0x000000000800cb78                . = ALIGN (0x4)
                0x000000000800cb78                PROVIDE (__preinit_array_start = .)
 *(.preinit_array*)
                0x000000000800cb78                PROVIDE (__preinit_array_end = .)
                0x000000000800cb78                . = ALIGN (0x4)

.init_array     0x000000000800cb78        0x4
                0x000000000800cb78                . = ALIGN (0x4)
                0x000000000800cb78                PROVIDE (__init_array_start = .)
 *(SORT_BY_NAME(.init_array.*))
 *(.init_array*)
 .init_array    0x000000000800cb78        0x4 c:/st/stm32cubeide_1.10.1/stm32cubeide/plugins/com.st.stm32cube.ide.mcu.externaltools.gnu-tools-for-stm32.10.3-2021.10.win32_1.0.0.202111181127/tools/bin/../lib/gcc/arm-none-eabi/10.3.1/thumb/v7e-m+fp/hard/crtbegin.o
                0x000000000800cb7c                PROVIDE (__init_array_end = .)
                0x000000000800cb7c                . = ALIGN (0x4)

.fini_array     0x000000000800cb7c        0x4
                0x000000000800cb7c                . = ALIGN (0x4)
                [!provide]                        PROVIDE (__fini_array_start = .)
 *(SORT_BY_NAME(.fini_array.*))
 *(.fini_array*)
 .fini_array    0x000000000800cb7c        0x4 c:/st/stm32cubeide_1.10.1/stm32cubeide/plugins/com.st.stm32cube.ide.mcu.externaltools.gnu-tools-for-stm32.10.3-2021.10.win32_1.0.0.202111181127/tools/bin/../lib/gcc/arm-none-eabi/10.3.1/thumb/v7e-m+fp/hard/crtbegin.o
                [!provide]                        PROVIDE (__fini_array_end = .)
                0x000000000800cb80                . = ALIGN (0x4)
                0x000000000800cb80                _sidata = LOADADDR (.data)

.data           0x0000000020000000       0x80 load address 0x000000000800cb80
                0x0000000020000000                . = ALIGN (0x4)
                0x0000000020000000                _sdata = .
 *(.data)
 *(.data*)
 .data.led7seg  0x0000000020000000        0x4 ./Core/Src/led_7seg.o
                0x0000000020000000                led7seg
 .data.arrayOfNum
                0x0000000020000004        0xa ./Core/Src/led_7seg.o
                0x0000000020000004                arrayOfNum
 .data.spi_buffer
                0x000000002000000e        0x2 ./Core/Src/led_7seg.o
                0x000000002000000e                spi_buffer
 .data.SystemCoreClock
                0x0000000020000010        0x4 ./Core/Src/system_stm32f4xx.o
                0x0000000020000010                SystemCoreClock
 .data.uwTickPrio
                0x0000000020000014        0x4 ./Drivers/STM32F4xx_HAL_Driver/Src/stm32f4xx_hal.o
                0x0000000020000014                uwTickPrio
 .data.uwTickFreq
                0x0000000020000018        0x1 ./Drivers/STM32F4xx_HAL_Driver/Src/stm32f4xx_hal.o
                0x0000000020000018                uwTickFreq
 *fill*         0x0000000020000019        0x3 
 .data._impure_ptr
                0x000000002000001c        0x4 c:/st/stm32cubeide_1.10.1/stm32cubeide/plugins/com.st.stm32cube.ide.mcu.externaltools.gnu-tools-for-stm32.10.3-2021.10.win32_1.0.0.202111181127/tools/bin/../lib/gcc/arm-none-eabi/10.3.1/../../../../arm-none-eabi/lib/thumb/v7e-m+fp/hard\libc_nano.a(lib_a-impure.o)
                0x000000002000001c                _impure_ptr
 .data.impure_data
                0x0000000020000020       0x60 c:/st/stm32cubeide_1.10.1/stm32cubeide/plugins/com.st.stm32cube.ide.mcu.externaltools.gnu-tools-for-stm32.10.3-2021.10.win32_1.0.0.202111181127/tools/bin/../lib/gcc/arm-none-eabi/10.3.1/../../../../arm-none-eabi/lib/thumb/v7e-m+fp/hard\libc_nano.a(lib_a-impure.o)
 *(.RamFunc)
 *(.RamFunc*)
                0x0000000020000080                . = ALIGN (0x4)
                0x0000000020000080                _edata = .
                0x000000000800cc00                _siccmram = LOADADDR (.ccmram)

.igot.plt       0x0000000020000080        0x0 load address 0x000000000800cc00
 .igot.plt      0x0000000020000080        0x0 c:/st/stm32cubeide_1.10.1/stm32cubeide/plugins/com.st.stm32cube.ide.mcu.externaltools.gnu-tools-for-stm32.10.3-2021.10.win32_1.0.0.202111181127/tools/bin/../lib/gcc/arm-none-eabi/10.3.1/thumb/v7e-m+fp/hard/crtbegin.o

.ccmram         0x0000000010000000        0x0 load address 0x000000000800cc00
                0x0000000010000000                . = ALIGN (0x4)
                0x0000000010000000                _sccmram = .
 *(.ccmram)
 *(.ccmram*)
                0x0000000010000000                . = ALIGN (0x4)
                0x0000000010000000                _eccmram = .
                0x0000000010000000                . = ALIGN (0x4)

.bss            0x0000000020000080      0x3ac
                0x0000000020000080                _sbss = .
                0x0000000020000080                __bss_start__ = _sbss
 *(.bss)
 .bss           0x0000000020000080       0x1c c:/st/stm32cubeide_1.10.1/stm32cubeide/plugins/com.st.stm32cube.ide.mcu.externaltools.gnu-tools-for-stm32.10.3-2021.10.win32_1.0.0.202111181127/tools/bin/../lib/gcc/arm-none-eabi/10.3.1/thumb/v7e-m+fp/hard/crtbegin.o
 *(.bss*)
 .bss.hadc1     0x000000002000009c       0x48 ./Core/Src/adc.o
                0x000000002000009c                hadc1
 .bss.hdma_adc1
                0x00000000200000e4       0x60 ./Core/Src/adc.o
                0x00000000200000e4                hdma_adc1
 .bss.button_count
                0x0000000020000144       0x20 ./Core/Src/button.o
                0x0000000020000144                button_count
 .bss.spi_button
                0x0000000020000164        0x2 ./Core/Src/button.o
                0x0000000020000164                spi_button
 .bss.duty_cycle
                0x0000000020000166        0x1 ./Core/Src/buzzer.o
                0x0000000020000166                duty_cycle
 *fill*         0x0000000020000167        0x1 
 .bss.ds3231_buffer
                0x0000000020000168        0x7 ./Core/Src/ds3231.o
                0x0000000020000168                ds3231_buffer
 .bss.ds3231_hours
                0x000000002000016f        0x1 ./Core/Src/ds3231.o
                0x000000002000016f                ds3231_hours
 .bss.ds3231_min
                0x0000000020000170        0x1 ./Core/Src/ds3231.o
                0x0000000020000170                ds3231_min
 .bss.ds3231_sec
                0x0000000020000171        0x1 ./Core/Src/ds3231.o
                0x0000000020000171                ds3231_sec
 .bss.ds3231_date
                0x0000000020000172        0x1 ./Core/Src/ds3231.o
                0x0000000020000172                ds3231_date
 .bss.ds3231_day
                0x0000000020000173        0x1 ./Core/Src/ds3231.o
                0x0000000020000173                ds3231_day
 .bss.ds3231_month
                0x0000000020000174        0x1 ./Core/Src/ds3231.o
                0x0000000020000174                ds3231_month
 .bss.ds3231_year
                0x0000000020000175        0x1 ./Core/Src/ds3231.o
                0x0000000020000175                ds3231_year
 *fill*         0x0000000020000176        0x2 
 .bss.hsram1    0x0000000020000178       0x50 ./Core/Src/fsmc.o
                0x0000000020000178                hsram1
 .bss.FSMC_Initialized
                0x00000000200001c8        0x4 ./Core/Src/fsmc.o
 .bss.get_Voltage
                0x00000000200001cc        0x4 ./Core/Src/global.o
                0x00000000200001cc                get_Voltage
 .bss.get_Temperature
                0x00000000200001d0        0x4 ./Core/Src/global.o
                0x00000000200001d0                get_Temperature
 .bss.get_Light
                0x00000000200001d4        0x4 ./Core/Src/global.o
                0x00000000200001d4                get_Light
 .bss.get_Current
                0x00000000200001d8        0x4 ./Core/Src/global.o
                0x00000000200001d8                get_Current
 .bss.get_Power
                0x00000000200001dc        0x4 ./Core/Src/global.o
                0x00000000200001dc                get_Power
 .bss.get_Humid
                0x00000000200001e0        0x4 ./Core/Src/global.o
                0x00000000200001e0                get_Humid
 .bss.get_Potentiometer
                0x00000000200001e4        0x2 ./Core/Src/global.o
                0x00000000200001e4                get_Potentiometer
 .bss.count_adc
                0x00000000200001e6        0x1 ./Core/Src/global.o
                0x00000000200001e6                count_adc
 .bss.count_buzzer
                0x00000000200001e7        0x1 ./Core/Src/global.o
                0x00000000200001e7                count_buzzer
 .bss.status    0x00000000200001e8        0x1 ./Core/Src/global.o
                0x00000000200001e8                status
 .bss.status_buzzer
                0x00000000200001e9        0x1 ./Core/Src/global.o
                0x00000000200001e9                status_buzzer
 *fill*         0x00000000200001ea        0x2 
 .bss.hi2c1     0x00000000200001ec       0x54 ./Core/Src/i2c.o
                0x00000000200001ec                hi2c1
 .bss.lcddev    0x0000000020000240        0x6 ./Core/Src/lcd.o
                0x0000000020000240                lcddev
 *fill*         0x0000000020000246        0x2 
 .bss.led7_index
                0x0000000020000248        0x4 ./Core/Src/led_7seg.o
                0x0000000020000248                led7_index
 .bss.count_led_debug
                0x000000002000024c        0x1 ./Core/Src/main.o
                0x000000002000024c                count_led_debug
 *fill*         0x000000002000024d        0x3 
 .bss.adc_receive
                0x0000000020000250        0xa ./Core/Src/sensor.o
                0x0000000020000250                adc_receive
 .bss.flag_timer2
                0x000000002000025a        0x2 ./Core/Src/software_timer.o
                0x000000002000025a                flag_timer2
 .bss.timer2_counter
                0x000000002000025c        0x2 ./Core/Src/software_timer.o
                0x000000002000025c                timer2_counter
 .bss.timer2_MUL
                0x000000002000025e        0x2 ./Core/Src/software_timer.o
                0x000000002000025e                timer2_MUL
 .bss.hspi1     0x0000000020000260       0x58 ./Core/Src/spi.o
                0x0000000020000260                hspi1
 .bss.__sbrk_heap_end
                0x00000000200002b8        0x4 ./Core/Src/sysmem.o
 .bss.htim2     0x00000000200002bc       0x48 ./Core/Src/tim.o
                0x00000000200002bc                htim2
 .bss.htim13    0x0000000020000304       0x48 ./Core/Src/tim.o
                0x0000000020000304                htim13
 .bss.byte_recv
                0x000000002000034c        0x1 ./Core/Src/uart.o
                0x000000002000034c                byte_recv
 *fill*         0x000000002000034d        0x3 
 .bss.buffer_byte
                0x0000000020000350       0x1e ./Core/Src/uart.o
                0x0000000020000350                buffer_byte
 .bss.index_buffer
                0x000000002000036e        0x1 ./Core/Src/uart.o
                0x000000002000036e                index_buffer
 .bss.buffer_flag
                0x000000002000036f        0x1 ./Core/Src/uart.o
                0x000000002000036f                buffer_flag
 .bss.msg       0x0000000020000370       0x64 ./Core/Src/uart.o
                0x0000000020000370                msg
 .bss.huart1    0x00000000200003d4       0x44 ./Core/Src/usart.o
                0x00000000200003d4                huart1
 .bss.uwTick    0x0000000020000418        0x4 ./Drivers/STM32F4xx_HAL_Driver/Src/stm32f4xx_hal.o
                0x0000000020000418                uwTick
 .bss.__malloc_free_list
                0x000000002000041c        0x4 c:/st/stm32cubeide_1.10.1/stm32cubeide/plugins/com.st.stm32cube.ide.mcu.externaltools.gnu-tools-for-stm32.10.3-2021.10.win32_1.0.0.202111181127/tools/bin/../lib/gcc/arm-none-eabi/10.3.1/../../../../arm-none-eabi/lib/thumb/v7e-m+fp/hard\libc_nano.a(lib_a-nano-mallocr.o)
                0x000000002000041c                __malloc_free_list
 .bss.__malloc_sbrk_start
                0x0000000020000420        0x4 c:/st/stm32cubeide_1.10.1/stm32cubeide/plugins/com.st.stm32cube.ide.mcu.externaltools.gnu-tools-for-stm32.10.3-2021.10.win32_1.0.0.202111181127/tools/bin/../lib/gcc/arm-none-eabi/10.3.1/../../../../arm-none-eabi/lib/thumb/v7e-m+fp/hard\libc_nano.a(lib_a-nano-mallocr.o)
                0x0000000020000420                __malloc_sbrk_start
 .bss.errno     0x0000000020000424        0x4 c:/st/stm32cubeide_1.10.1/stm32cubeide/plugins/com.st.stm32cube.ide.mcu.externaltools.gnu-tools-for-stm32.10.3-2021.10.win32_1.0.0.202111181127/tools/bin/../lib/gcc/arm-none-eabi/10.3.1/../../../../arm-none-eabi/lib/thumb/v7e-m+fp/hard\libc_nano.a(lib_a-reent.o)
                0x0000000020000424                errno
 .bss.__lock___malloc_recursive_mutex
                0x0000000020000428        0x1 c:/st/stm32cubeide_1.10.1/stm32cubeide/plugins/com.st.stm32cube.ide.mcu.externaltools.gnu-tools-for-stm32.10.3-2021.10.win32_1.0.0.202111181127/tools/bin/../lib/gcc/arm-none-eabi/10.3.1/../../../../arm-none-eabi/lib/thumb/v7e-m+fp/hard\libc_nano.a(lib_a-lock.o)
                0x0000000020000428                __lock___malloc_recursive_mutex
 *(COMMON)
                0x000000002000042c                . = ALIGN (0x4)
 *fill*         0x0000000020000429        0x3 
                0x000000002000042c                _ebss = .
                0x000000002000042c                __bss_end__ = _ebss

._user_heap_stack
                0x000000002000042c      0x604
                0x0000000020000430                . = ALIGN (0x8)
 *fill*         0x000000002000042c        0x4 
                [!provide]                        PROVIDE (end = .)
                0x0000000020000430                PROVIDE (_end = .)
                0x0000000020000630                . = (. + _Min_Heap_Size)
 *fill*         0x0000000020000430      0x200 
                0x0000000020000a30                . = (. + _Min_Stack_Size)
 *fill*         0x0000000020000630      0x400 
                0x0000000020000a30                . = ALIGN (0x8)

/DISCARD/
 libc.a(*)
 libm.a(*)
 libgcc.a(*)

.ARM.attributes
                0x0000000000000000       0x30
 *(.ARM.attributes)
 .ARM.attributes
                0x0000000000000000       0x1e c:/st/stm32cubeide_1.10.1/stm32cubeide/plugins/com.st.stm32cube.ide.mcu.externaltools.gnu-tools-for-stm32.10.3-2021.10.win32_1.0.0.202111181127/tools/bin/../lib/gcc/arm-none-eabi/10.3.1/thumb/v7e-m+fp/hard/crti.o
 .ARM.attributes
                0x000000000000001e       0x34 c:/st/stm32cubeide_1.10.1/stm32cubeide/plugins/com.st.stm32cube.ide.mcu.externaltools.gnu-tools-for-stm32.10.3-2021.10.win32_1.0.0.202111181127/tools/bin/../lib/gcc/arm-none-eabi/10.3.1/thumb/v7e-m+fp/hard/crtbegin.o
 .ARM.attributes
                0x0000000000000052       0x34 ./Core/Src/adc.o
 .ARM.attributes
                0x0000000000000086       0x34 ./Core/Src/button.o
 .ARM.attributes
                0x00000000000000ba       0x34 ./Core/Src/buzzer.o
 .ARM.attributes
                0x00000000000000ee       0x34 ./Core/Src/dma.o
 .ARM.attributes
                0x0000000000000122       0x34 ./Core/Src/ds3231.o
 .ARM.attributes
                0x0000000000000156       0x34 ./Core/Src/fsmc.o
 .ARM.attributes
                0x000000000000018a       0x34 ./Core/Src/global.o
 .ARM.attributes
                0x00000000000001be       0x34 ./Core/Src/gpio.o
 .ARM.attributes
                0x00000000000001f2       0x34 ./Core/Src/i2c.o
 .ARM.attributes
                0x0000000000000226       0x34 ./Core/Src/lcd.o
 .ARM.attributes
                0x000000000000025a       0x34 ./Core/Src/led_7seg.o
 .ARM.attributes
                0x000000000000028e       0x34 ./Core/Src/main.o
 .ARM.attributes
                0x00000000000002c2       0x34 ./Core/Src/sensor.o
 .ARM.attributes
                0x00000000000002f6       0x34 ./Core/Src/software_timer.o
 .ARM.attributes
                0x000000000000032a       0x34 ./Core/Src/spi.o
 .ARM.attributes
                0x000000000000035e       0x34 ./Core/Src/stm32f4xx_hal_msp.o
 .ARM.attributes
                0x0000000000000392       0x34 ./Core/Src/stm32f4xx_it.o
 .ARM.attributes
                0x00000000000003c6       0x34 ./Core/Src/sysmem.o
 .ARM.attributes
                0x00000000000003fa       0x34 ./Core/Src/system_stm32f4xx.o
 .ARM.attributes
                0x000000000000042e       0x34 ./Core/Src/tim.o
 .ARM.attributes
                0x0000000000000462       0x34 ./Core/Src/uart.o
 .ARM.attributes
                0x0000000000000496       0x34 ./Core/Src/usart.o
 .ARM.attributes
                0x00000000000004ca       0x34 ./Core/Src/utils.o
 .ARM.attributes
                0x00000000000004fe       0x21 ./Core/Startup/startup_stm32f407zetx.o
 .ARM.attributes
                0x000000000000051f       0x34 ./Drivers/STM32F4xx_HAL_Driver/Src/stm32f4xx_hal.o
 .ARM.attributes
                0x0000000000000553       0x34 ./Drivers/STM32F4xx_HAL_Driver/Src/stm32f4xx_hal_adc.o
 .ARM.attributes
                0x0000000000000587       0x34 ./Drivers/STM32F4xx_HAL_Driver/Src/stm32f4xx_hal_cortex.o
 .ARM.attributes
                0x00000000000005bb       0x34 ./Drivers/STM32F4xx_HAL_Driver/Src/stm32f4xx_hal_dma.o
 .ARM.attributes
                0x00000000000005ef       0x34 ./Drivers/STM32F4xx_HAL_Driver/Src/stm32f4xx_hal_gpio.o
 .ARM.attributes
                0x0000000000000623       0x34 ./Drivers/STM32F4xx_HAL_Driver/Src/stm32f4xx_hal_i2c.o
 .ARM.attributes
                0x0000000000000657       0x34 ./Drivers/STM32F4xx_HAL_Driver/Src/stm32f4xx_hal_rcc.o
 .ARM.attributes
                0x000000000000068b       0x34 ./Drivers/STM32F4xx_HAL_Driver/Src/stm32f4xx_hal_spi.o
 .ARM.attributes
                0x00000000000006bf       0x34 ./Drivers/STM32F4xx_HAL_Driver/Src/stm32f4xx_hal_sram.o
 .ARM.attributes
                0x00000000000006f3       0x34 ./Drivers/STM32F4xx_HAL_Driver/Src/stm32f4xx_hal_tim.o
 .ARM.attributes
                0x0000000000000727       0x34 ./Drivers/STM32F4xx_HAL_Driver/Src/stm32f4xx_hal_tim_ex.o
 .ARM.attributes
                0x000000000000075b       0x34 ./Drivers/STM32F4xx_HAL_Driver/Src/stm32f4xx_hal_uart.o
 .ARM.attributes
                0x000000000000078f       0x34 ./Drivers/STM32F4xx_HAL_Driver/Src/stm32f4xx_ll_fsmc.o
 .ARM.attributes
                0x00000000000007c3       0x34 c:/st/stm32cubeide_1.10.1/stm32cubeide/plugins/com.st.stm32cube.ide.mcu.externaltools.gnu-tools-for-stm32.10.3-2021.10.win32_1.0.0.202111181127/tools/bin/../lib/gcc/arm-none-eabi/10.3.1/../../../../arm-none-eabi/lib/thumb/v7e-m+fp/hard\libc_nano.a(lib_a-errno.o)
 .ARM.attributes
                0x00000000000007f7       0x34 c:/st/stm32cubeide_1.10.1/stm32cubeide/plugins/com.st.stm32cube.ide.mcu.externaltools.gnu-tools-for-stm32.10.3-2021.10.win32_1.0.0.202111181127/tools/bin/../lib/gcc/arm-none-eabi/10.3.1/../../../../arm-none-eabi/lib/thumb/v7e-m+fp/hard\libc_nano.a(lib_a-impure.o)
 .ARM.attributes
                0x000000000000082b       0x34 c:/st/stm32cubeide_1.10.1/stm32cubeide/plugins/com.st.stm32cube.ide.mcu.externaltools.gnu-tools-for-stm32.10.3-2021.10.win32_1.0.0.202111181127/tools/bin/../lib/gcc/arm-none-eabi/10.3.1/../../../../arm-none-eabi/lib/thumb/v7e-m+fp/hard\libc_nano.a(lib_a-init.o)
 .ARM.attributes
                0x000000000000085f       0x34 c:/st/stm32cubeide_1.10.1/stm32cubeide/plugins/com.st.stm32cube.ide.mcu.externaltools.gnu-tools-for-stm32.10.3-2021.10.win32_1.0.0.202111181127/tools/bin/../lib/gcc/arm-none-eabi/10.3.1/../../../../arm-none-eabi/lib/thumb/v7e-m+fp/hard\libc_nano.a(lib_a-memset.o)
 .ARM.attributes
                0x0000000000000893       0x34 c:/st/stm32cubeide_1.10.1/stm32cubeide/plugins/com.st.stm32cube.ide.mcu.externaltools.gnu-tools-for-stm32.10.3-2021.10.win32_1.0.0.202111181127/tools/bin/../lib/gcc/arm-none-eabi/10.3.1/../../../../arm-none-eabi/lib/thumb/v7e-m+fp/hard\libc_nano.a(lib_a-sprintf.o)
 .ARM.attributes
                0x00000000000008c7       0x34 c:/st/stm32cubeide_1.10.1/stm32cubeide/plugins/com.st.stm32cube.ide.mcu.externaltools.gnu-tools-for-stm32.10.3-2021.10.win32_1.0.0.202111181127/tools/bin/../lib/gcc/arm-none-eabi/10.3.1/../../../../arm-none-eabi/lib/thumb/v7e-m+fp/hard\libc_nano.a(lib_a-nano-svfprintf.o)
 .ARM.attributes
                0x00000000000008fb       0x34 c:/st/stm32cubeide_1.10.1/stm32cubeide/plugins/com.st.stm32cube.ide.mcu.externaltools.gnu-tools-for-stm32.10.3-2021.10.win32_1.0.0.202111181127/tools/bin/../lib/gcc/arm-none-eabi/10.3.1/../../../../arm-none-eabi/lib/thumb/v7e-m+fp/hard\libc_nano.a(lib_a-nano-vfprintf_i.o)
 .ARM.attributes
                0x000000000000092f       0x1c c:/st/stm32cubeide_1.10.1/stm32cubeide/plugins/com.st.stm32cube.ide.mcu.externaltools.gnu-tools-for-stm32.10.3-2021.10.win32_1.0.0.202111181127/tools/bin/../lib/gcc/arm-none-eabi/10.3.1/../../../../arm-none-eabi/lib/thumb/v7e-m+fp/hard\libc_nano.a(lib_a-memchr.o)
 .ARM.attributes
                0x000000000000094b       0x34 c:/st/stm32cubeide_1.10.1/stm32cubeide/plugins/com.st.stm32cube.ide.mcu.externaltools.gnu-tools-for-stm32.10.3-2021.10.win32_1.0.0.202111181127/tools/bin/../lib/gcc/arm-none-eabi/10.3.1/../../../../arm-none-eabi/lib/thumb/v7e-m+fp/hard\libc_nano.a(lib_a-memcpy-stub.o)
 .ARM.attributes
                0x000000000000097f       0x34 c:/st/stm32cubeide_1.10.1/stm32cubeide/plugins/com.st.stm32cube.ide.mcu.externaltools.gnu-tools-for-stm32.10.3-2021.10.win32_1.0.0.202111181127/tools/bin/../lib/gcc/arm-none-eabi/10.3.1/../../../../arm-none-eabi/lib/thumb/v7e-m+fp/hard\libc_nano.a(lib_a-memmove.o)
 .ARM.attributes
                0x00000000000009b3       0x34 c:/st/stm32cubeide_1.10.1/stm32cubeide/plugins/com.st.stm32cube.ide.mcu.externaltools.gnu-tools-for-stm32.10.3-2021.10.win32_1.0.0.202111181127/tools/bin/../lib/gcc/arm-none-eabi/10.3.1/../../../../arm-none-eabi/lib/thumb/v7e-m+fp/hard\libc_nano.a(lib_a-nano-freer.o)
 .ARM.attributes
                0x00000000000009e7       0x34 c:/st/stm32cubeide_1.10.1/stm32cubeide/plugins/com.st.stm32cube.ide.mcu.externaltools.gnu-tools-for-stm32.10.3-2021.10.win32_1.0.0.202111181127/tools/bin/../lib/gcc/arm-none-eabi/10.3.1/../../../../arm-none-eabi/lib/thumb/v7e-m+fp/hard\libc_nano.a(lib_a-nano-mallocr.o)
 .ARM.attributes
                0x0000000000000a1b       0x34 c:/st/stm32cubeide_1.10.1/stm32cubeide/plugins/com.st.stm32cube.ide.mcu.externaltools.gnu-tools-for-stm32.10.3-2021.10.win32_1.0.0.202111181127/tools/bin/../lib/gcc/arm-none-eabi/10.3.1/../../../../arm-none-eabi/lib/thumb/v7e-m+fp/hard\libc_nano.a(lib_a-nano-reallocr.o)
 .ARM.attributes
                0x0000000000000a4f       0x34 c:/st/stm32cubeide_1.10.1/stm32cubeide/plugins/com.st.stm32cube.ide.mcu.externaltools.gnu-tools-for-stm32.10.3-2021.10.win32_1.0.0.202111181127/tools/bin/../lib/gcc/arm-none-eabi/10.3.1/../../../../arm-none-eabi/lib/thumb/v7e-m+fp/hard\libc_nano.a(lib_a-sbrkr.o)
 .ARM.attributes
                0x0000000000000a83       0x34 c:/st/stm32cubeide_1.10.1/stm32cubeide/plugins/com.st.stm32cube.ide.mcu.externaltools.gnu-tools-for-stm32.10.3-2021.10.win32_1.0.0.202111181127/tools/bin/../lib/gcc/arm-none-eabi/10.3.1/../../../../arm-none-eabi/lib/thumb/v7e-m+fp/hard\libc_nano.a(lib_a-mlock.o)
 .ARM.attributes
                0x0000000000000ab7       0x34 c:/st/stm32cubeide_1.10.1/stm32cubeide/plugins/com.st.stm32cube.ide.mcu.externaltools.gnu-tools-for-stm32.10.3-2021.10.win32_1.0.0.202111181127/tools/bin/../lib/gcc/arm-none-eabi/10.3.1/../../../../arm-none-eabi/lib/thumb/v7e-m+fp/hard\libc_nano.a(lib_a-nano-msizer.o)
 .ARM.attributes
                0x0000000000000aeb       0x34 c:/st/stm32cubeide_1.10.1/stm32cubeide/plugins/com.st.stm32cube.ide.mcu.externaltools.gnu-tools-for-stm32.10.3-2021.10.win32_1.0.0.202111181127/tools/bin/../lib/gcc/arm-none-eabi/10.3.1/../../../../arm-none-eabi/lib/thumb/v7e-m+fp/hard\libc_nano.a(lib_a-reent.o)
 .ARM.attributes
                0x0000000000000b1f       0x34 c:/st/stm32cubeide_1.10.1/stm32cubeide/plugins/com.st.stm32cube.ide.mcu.externaltools.gnu-tools-for-stm32.10.3-2021.10.win32_1.0.0.202111181127/tools/bin/../lib/gcc/arm-none-eabi/10.3.1/../../../../arm-none-eabi/lib/thumb/v7e-m+fp/hard\libc_nano.a(lib_a-lock.o)
 .ARM.attributes
                0x0000000000000b53       0x1e c:/st/stm32cubeide_1.10.1/stm32cubeide/plugins/com.st.stm32cube.ide.mcu.externaltools.gnu-tools-for-stm32.10.3-2021.10.win32_1.0.0.202111181127/tools/bin/../lib/gcc/arm-none-eabi/10.3.1/thumb/v7e-m+fp/hard\libgcc.a(_arm_addsubdf3.o)
 .ARM.attributes
                0x0000000000000b71       0x1e c:/st/stm32cubeide_1.10.1/stm32cubeide/plugins/com.st.stm32cube.ide.mcu.externaltools.gnu-tools-for-stm32.10.3-2021.10.win32_1.0.0.202111181127/tools/bin/../lib/gcc/arm-none-eabi/10.3.1/thumb/v7e-m+fp/hard\libgcc.a(_arm_muldivdf3.o)
 .ARM.attributes
                0x0000000000000b8f       0x1e c:/st/stm32cubeide_1.10.1/stm32cubeide/plugins/com.st.stm32cube.ide.mcu.externaltools.gnu-tools-for-stm32.10.3-2021.10.win32_1.0.0.202111181127/tools/bin/../lib/gcc/arm-none-eabi/10.3.1/thumb/v7e-m+fp/hard\libgcc.a(_arm_truncdfsf2.o)
 .ARM.attributes
                0x0000000000000bad       0x1e c:/st/stm32cubeide_1.10.1/stm32cubeide/plugins/com.st.stm32cube.ide.mcu.externaltools.gnu-tools-for-stm32.10.3-2021.10.win32_1.0.0.202111181127/tools/bin/../lib/gcc/arm-none-eabi/10.3.1/thumb/v7e-m+fp/hard\libgcc.a(_aeabi_uldivmod.o)
 .ARM.attributes
                0x0000000000000bcb       0x34 c:/st/stm32cubeide_1.10.1/stm32cubeide/plugins/com.st.stm32cube.ide.mcu.externaltools.gnu-tools-for-stm32.10.3-2021.10.win32_1.0.0.202111181127/tools/bin/../lib/gcc/arm-none-eabi/10.3.1/thumb/v7e-m+fp/hard\libgcc.a(_udivmoddi4.o)
 .ARM.attributes
                0x0000000000000bff       0x1e c:/st/stm32cubeide_1.10.1/stm32cubeide/plugins/com.st.stm32cube.ide.mcu.externaltools.gnu-tools-for-stm32.10.3-2021.10.win32_1.0.0.202111181127/tools/bin/../lib/gcc/arm-none-eabi/10.3.1/thumb/v7e-m+fp/hard\libgcc.a(_dvmd_tls.o)
 .ARM.attributes
                0x0000000000000c1d       0x1e c:/st/stm32cubeide_1.10.1/stm32cubeide/plugins/com.st.stm32cube.ide.mcu.externaltools.gnu-tools-for-stm32.10.3-2021.10.win32_1.0.0.202111181127/tools/bin/../lib/gcc/arm-none-eabi/10.3.1/thumb/v7e-m+fp/hard/crtn.o
OUTPUT(Bai6_ADC_PWM.elf elf32-littlearm)
LOAD linker stubs
LOAD c:/st/stm32cubeide_1.10.1/stm32cubeide/plugins/com.st.stm32cube.ide.mcu.externaltools.gnu-tools-for-stm32.10.3-2021.10.win32_1.0.0.202111181127/tools/bin/../lib/gcc/arm-none-eabi/10.3.1/../../../../arm-none-eabi/lib/thumb/v7e-m+fp/hard\libc.a
LOAD c:/st/stm32cubeide_1.10.1/stm32cubeide/plugins/com.st.stm32cube.ide.mcu.externaltools.gnu-tools-for-stm32.10.3-2021.10.win32_1.0.0.202111181127/tools/bin/../lib/gcc/arm-none-eabi/10.3.1/../../../../arm-none-eabi/lib/thumb/v7e-m+fp/hard\libm.a
LOAD c:/st/stm32cubeide_1.10.1/stm32cubeide/plugins/com.st.stm32cube.ide.mcu.externaltools.gnu-tools-for-stm32.10.3-2021.10.win32_1.0.0.202111181127/tools/bin/../lib/gcc/arm-none-eabi/10.3.1/thumb/v7e-m+fp/hard\libgcc.a

.debug_info     0x0000000000000000    0x1bac9
 .debug_info    0x0000000000000000      0xa86 ./Core/Src/adc.o
 .debug_info    0x0000000000000a86      0x7c8 ./Core/Src/button.o
 .debug_info    0x000000000000124e      0x718 ./Core/Src/buzzer.o
 .debug_info    0x0000000000001966      0x4ec ./Core/Src/dma.o
 .debug_info    0x0000000000001e52      0x81f ./Core/Src/ds3231.o
 .debug_info    0x0000000000002671      0xa3a ./Core/Src/fsmc.o
 .debug_info    0x00000000000030ab      0x3ba ./Core/Src/global.o
 .debug_info    0x0000000000003465      0x4e5 ./Core/Src/gpio.o
 .debug_info    0x000000000000394a      0xa0e ./Core/Src/i2c.o
 .debug_info    0x0000000000004358      0xe56 ./Core/Src/lcd.o
 .debug_info    0x00000000000051ae      0x870 ./Core/Src/led_7seg.o
 .debug_info    0x0000000000005a1e      0x92f ./Core/Src/main.o
 .debug_info    0x000000000000634d      0x6b8 ./Core/Src/sensor.o
 .debug_info    0x0000000000006a05      0x78e ./Core/Src/software_timer.o
 .debug_info    0x0000000000007193      0x9eb ./Core/Src/spi.o
 .debug_info    0x0000000000007b7e      0x2a8 ./Core/Src/stm32f4xx_hal_msp.o
 .debug_info    0x0000000000007e26      0xa11 ./Core/Src/stm32f4xx_it.o
 .debug_info    0x0000000000008837      0x171 ./Core/Src/sysmem.o
 .debug_info    0x00000000000089a8      0x523 ./Core/Src/system_stm32f4xx.o
 .debug_info    0x0000000000008ecb      0xf09 ./Core/Src/tim.o
 .debug_info    0x0000000000009dd4      0x81f ./Core/Src/uart.o
 .debug_info    0x000000000000a5f3      0xc14 ./Core/Src/usart.o
 .debug_info    0x000000000000b207       0xd8 ./Core/Src/utils.o
 .debug_info    0x000000000000b2df       0x22 ./Core/Startup/startup_stm32f407zetx.o
 .debug_info    0x000000000000b301      0x97c ./Drivers/STM32F4xx_HAL_Driver/Src/stm32f4xx_hal.o
 .debug_info    0x000000000000bc7d      0xd70 ./Drivers/STM32F4xx_HAL_Driver/Src/stm32f4xx_hal_adc.o
 .debug_info    0x000000000000c9ed      0xe1b ./Drivers/STM32F4xx_HAL_Driver/Src/stm32f4xx_hal_cortex.o
 .debug_info    0x000000000000d808      0x94f ./Drivers/STM32F4xx_HAL_Driver/Src/stm32f4xx_hal_dma.o
 .debug_info    0x000000000000e157      0x76a ./Drivers/STM32F4xx_HAL_Driver/Src/stm32f4xx_hal_gpio.o
 .debug_info    0x000000000000e8c1     0x2609 ./Drivers/STM32F4xx_HAL_Driver/Src/stm32f4xx_hal_i2c.o
 .debug_info    0x0000000000010eca      0x966 ./Drivers/STM32F4xx_HAL_Driver/Src/stm32f4xx_hal_rcc.o
 .debug_info    0x0000000000011830     0x1758 ./Drivers/STM32F4xx_HAL_Driver/Src/stm32f4xx_hal_spi.o
 .debug_info    0x0000000000012f88      0xdc4 ./Drivers/STM32F4xx_HAL_Driver/Src/stm32f4xx_hal_sram.o
 .debug_info    0x0000000000013d4c     0x2bbe ./Drivers/STM32F4xx_HAL_Driver/Src/stm32f4xx_hal_tim.o
 .debug_info    0x000000000001690a     0x15e0 ./Drivers/STM32F4xx_HAL_Driver/Src/stm32f4xx_hal_tim_ex.o
 .debug_info    0x0000000000017eea     0x31bc ./Drivers/STM32F4xx_HAL_Driver/Src/stm32f4xx_hal_uart.o
 .debug_info    0x000000000001b0a6      0xa23 ./Drivers/STM32F4xx_HAL_Driver/Src/stm32f4xx_ll_fsmc.o

.debug_abbrev   0x0000000000000000     0x4480
 .debug_abbrev  0x0000000000000000      0x1f3 ./Core/Src/adc.o
 .debug_abbrev  0x00000000000001f3      0x1d1 ./Core/Src/button.o
 .debug_abbrev  0x00000000000003c4      0x197 ./Core/Src/buzzer.o
 .debug_abbrev  0x000000000000055b      0x10a ./Core/Src/dma.o
 .debug_abbrev  0x0000000000000665      0x1bb ./Core/Src/ds3231.o
 .debug_abbrev  0x0000000000000820      0x207 ./Core/Src/fsmc.o
 .debug_abbrev  0x0000000000000a27       0xe0 ./Core/Src/global.o
 .debug_abbrev  0x0000000000000b07      0x146 ./Core/Src/gpio.o
 .debug_abbrev  0x0000000000000c4d      0x1e0 ./Core/Src/i2c.o
 .debug_abbrev  0x0000000000000e2d      0x336 ./Core/Src/lcd.o
 .debug_abbrev  0x0000000000001163      0x1bb ./Core/Src/led_7seg.o
 .debug_abbrev  0x000000000000131e      0x27e ./Core/Src/main.o
 .debug_abbrev  0x000000000000159c      0x19c ./Core/Src/sensor.o
 .debug_abbrev  0x0000000000001738      0x1f6 ./Core/Src/software_timer.o
 .debug_abbrev  0x000000000000192e      0x1e0 ./Core/Src/spi.o
 .debug_abbrev  0x0000000000001b0e       0xd4 ./Core/Src/stm32f4xx_hal_msp.o
 .debug_abbrev  0x0000000000001be2      0x18b ./Core/Src/stm32f4xx_it.o
 .debug_abbrev  0x0000000000001d6d       0xbb ./Core/Src/sysmem.o
 .debug_abbrev  0x0000000000001e28      0x116 ./Core/Src/system_stm32f4xx.o
 .debug_abbrev  0x0000000000001f3e      0x211 ./Core/Src/tim.o
 .debug_abbrev  0x000000000000214f      0x21a ./Core/Src/uart.o
 .debug_abbrev  0x0000000000002369      0x205 ./Core/Src/usart.o
 .debug_abbrev  0x000000000000256e       0x87 ./Core/Src/utils.o
 .debug_abbrev  0x00000000000025f5       0x12 ./Core/Startup/startup_stm32f407zetx.o
 .debug_abbrev  0x0000000000002607      0x20d ./Drivers/STM32F4xx_HAL_Driver/Src/stm32f4xx_hal.o
 .debug_abbrev  0x0000000000002814      0x244 ./Drivers/STM32F4xx_HAL_Driver/Src/stm32f4xx_hal_adc.o
 .debug_abbrev  0x0000000000002a58      0x316 ./Drivers/STM32F4xx_HAL_Driver/Src/stm32f4xx_hal_cortex.o
 .debug_abbrev  0x0000000000002d6e      0x25b ./Drivers/STM32F4xx_HAL_Driver/Src/stm32f4xx_hal_dma.o
 .debug_abbrev  0x0000000000002fc9      0x1c4 ./Drivers/STM32F4xx_HAL_Driver/Src/stm32f4xx_hal_gpio.o
 .debug_abbrev  0x000000000000318d      0x297 ./Drivers/STM32F4xx_HAL_Driver/Src/stm32f4xx_hal_i2c.o
 .debug_abbrev  0x0000000000003424      0x2aa ./Drivers/STM32F4xx_HAL_Driver/Src/stm32f4xx_hal_rcc.o
 .debug_abbrev  0x00000000000036ce      0x26e ./Drivers/STM32F4xx_HAL_Driver/Src/stm32f4xx_hal_spi.o
 .debug_abbrev  0x000000000000393c      0x1f8 ./Drivers/STM32F4xx_HAL_Driver/Src/stm32f4xx_hal_sram.o
 .debug_abbrev  0x0000000000003b34      0x25d ./Drivers/STM32F4xx_HAL_Driver/Src/stm32f4xx_hal_tim.o
 .debug_abbrev  0x0000000000003d91      0x265 ./Drivers/STM32F4xx_HAL_Driver/Src/stm32f4xx_hal_tim_ex.o
 .debug_abbrev  0x0000000000003ff6      0x2f4 ./Drivers/STM32F4xx_HAL_Driver/Src/stm32f4xx_hal_uart.o
 .debug_abbrev  0x00000000000042ea      0x196 ./Drivers/STM32F4xx_HAL_Driver/Src/stm32f4xx_ll_fsmc.o

.debug_aranges  0x0000000000000000     0x1730
 .debug_aranges
                0x0000000000000000       0x30 ./Core/Src/adc.o
 .debug_aranges
                0x0000000000000030       0x28 ./Core/Src/button.o
 .debug_aranges
                0x0000000000000058       0x28 ./Core/Src/buzzer.o
 .debug_aranges
                0x0000000000000080       0x20 ./Core/Src/dma.o
 .debug_aranges
                0x00000000000000a0       0x30 ./Core/Src/ds3231.o
 .debug_aranges
                0x00000000000000d0       0x40 ./Core/Src/fsmc.o
 .debug_aranges
                0x0000000000000110       0x48 ./Core/Src/global.o
 .debug_aranges
                0x0000000000000158       0x20 ./Core/Src/gpio.o
 .debug_aranges
                0x0000000000000178       0x30 ./Core/Src/i2c.o
 .debug_aranges
                0x00000000000001a8       0xd8 ./Core/Src/lcd.o
 .debug_aranges
                0x0000000000000280       0x48 ./Core/Src/led_7seg.o
 .debug_aranges
                0x00000000000002c8       0x68 ./Core/Src/main.o
 .debug_aranges
                0x0000000000000330       0x50 ./Core/Src/sensor.o
 .debug_aranges